<html>
<body>
<pre>
<h1>µVision Build Log</h1>
<h2>Project:</h2>
C:\Users\rexina\Dropbox\AGH\sudoku\sudoku project\Projects\STM32F0xx_StdPeriph_Templates\MDK-ARM\Project.uvproj
Project File Date:  02/10/2014

<h2>Output:</h2>
Build target 'STM32F0XX_MD(STM32F0x1xx)'
linking...
Program Size: Code=3764 RO-data=2772 RW-data=868 ZI-data=3588  
".\STM32F0XX_MD(STM32F0x1xx)\STM32F0XX_MD(STM32F0x1xx).axf" - 0 Error(s), 0 Warning(s).
Load "C:\\Users\\rexina\\Dropbox\\AGH\\sudoku\\sudoku project\\Projects\\STM32F0xx_StdPeriph_Templates\\MDK-ARM\\STM32F0XX_MD(STM32F0x1xx)\\STM32F0XX_MD(STM32F0x1xx).axf" 
Error: Flash Download failed  -  Target DLL has been cancelled
Load "C:\\Users\\rexina\\Dropbox\\AGH\\sudoku\\sudoku project\\Projects\\STM32F0xx_StdPeriph_Templates\\MDK-ARM\\STM32F0XX_MD(STM32F0x1xx)\\STM32F0XX_MD(STM32F0x1xx).axf" 
Error: Flash Download failed  -  Target DLL has been cancelled
Load "C:\\Users\\rexina\\Dropbox\\AGH\\sudoku\\sudoku project\\Projects\\STM32F0xx_StdPeriph_Templates\\MDK-ARM\\STM32F0XX_MD(STM32F0x1xx)\\STM32F0XX_MD(STM32F0x1xx).axf" 
Erase Done.
Programming Done.
Verify OK.
</pre>
</body>
</html>
1);
..\main.cpp(174): error:  #167: argument of type "std::uint8_t" is incompatible with parameter of type "std::uint8_t *"
        print_line(table[5],1);
..\main.cpp(176): error:  #167: argument of type "std::uint8_t" is incompatible with parameter of type "std::uint8_t *"
        print_line(table[6],2);
..\main.cpp(178): error:  #167: argument of type "std::uint8_t" is incompatible with parameter of type "std::uint8_t *"
        print_line(table[7],1);
..\main.cpp(180): error:  #167: argument of type "std::uint8_t" is incompatible with parameter of type "std::uint8_t *"
        print_line(table[8],1);
..\main.cpp: 1 warning, 9 errors
".\STM32F0XX_MD(STM32F0x1xx)\STM32F0XX_MD(STM32F0x1xx).axf" - 9 Error(s), 1 Warning(s).
Target not created
ype "std::uint8_t *"
        print_line(table[7],1);
..\main.cpp(180): error:  #167: argument of type "std::uint8_t" is incompatible with parameter of type "std::uint8_t *"
        print_line(table[8],1);
..\main.cpp: 1 warning, 9 errors
".\STM32F0XX_MD(STM32F0x1xx)\STM32F0XX_MD(STM32F0x1xx).axf" - 9 Error(s), 1 Warning(s).
Target not created
or:  #167: argument of type "std::uint8_t" is incompatible with parameter of type "std::uint8_t *"
        print_line(table[8],1);
..\main.cpp: 3 warnings, 9 errors
".\STM32F0XX_MD(STM32F0x1xx)\STM32F0XX_MD(STM32F0x1xx).axf" - 9 Error(s), 3 Warning(s).
Target not created
*"
        print_line(table[8],1);
..\main.cpp: 4 warnings, 9 errors
".\STM32F0XX_MD(STM32F0x1xx)\STM32F0XX_MD(STM32F0x1xx).axf" - 9 Error(s), 4 Warning(s).
Target not created
s
".\STM32F0XX_MD(STM32F0x1xx)\STM32F0XX_MD(STM32F0x1xx).axf" - 10 Error(s), 4 Warning(s).
Target not created
STM32F0XX_MD(STM32F0x1xx).axf" - 10 Error(s), 5 Warning(s).
Target not created
