ARM Linker, 5.03 [Build 76] [MDK-ARM Professional]

==============================================================================

Section Cross References

    system_stm32f0xx.o(i.SystemCoreClockUpdate) refers to uidiv.o(.text) for __aeabi_uidivmod
    system_stm32f0xx.o(i.SystemCoreClockUpdate) refers to system_stm32f0xx.o(.data) for .data
    system_stm32f0xx.o(i.SystemInit) refers to system_stm32f0xx.o(i.SetSysClock) for SetSysClock
    startup_stm32f0xx.o(RESET) refers to startup_stm32f0xx.o(STACK) for __initial_sp
    startup_stm32f0xx.o(RESET) refers to startup_stm32f0xx.o(.text) for Reset_Handler
    startup_stm32f0xx.o(RESET) refers to stm32f0xx_it.o(i.NMI_Handler) for NMI_Handler
    startup_stm32f0xx.o(RESET) refers to stm32f0xx_it.o(i.HardFault_Handler) for HardFault_Handler
    startup_stm32f0xx.o(RESET) refers to stm32f0xx_it.o(i.SVC_Handler) for SVC_Handler
    startup_stm32f0xx.o(RESET) refers to stm32f0xx_it.o(i.PendSV_Handler) for PendSV_Handler
    startup_stm32f0xx.o(RESET) refers to stm32f0xx_it.o(i.SysTick_Handler) for SysTick_Handler
    startup_stm32f0xx.o(.text) refers to system_stm32f0xx.o(i.SystemInit) for SystemInit
    startup_stm32f0xx.o(.text) refers to entry.o(.ARM.Collect$$$$00000000) for __main
    stm32f0xx_adc.o(i.ADC_DeInit) refers to stm32f0xx_rcc.o(i.RCC_APB2PeriphResetCmd) for RCC_APB2PeriphResetCmd
    stm32f0xx_dac.o(i.DAC_DeInit) refers to stm32f0xx_rcc.o(i.RCC_APB1PeriphResetCmd) for RCC_APB1PeriphResetCmd
    stm32f0xx_flash.o(i.FLASH_EraseAllPages) refers to stm32f0xx_flash.o(i.FLASH_WaitForLastOperation) for FLASH_WaitForLastOperation
    stm32f0xx_flash.o(i.FLASH_ErasePage) refers to stm32f0xx_flash.o(i.FLASH_WaitForLastOperation) for FLASH_WaitForLastOperation
    stm32f0xx_flash.o(i.FLASH_OB_BOOTConfig) refers to stm32f0xx_flash.o(i.FLASH_WaitForLastOperation) for FLASH_WaitForLastOperation
    stm32f0xx_flash.o(i.FLASH_OB_EnableWRP) refers to stm32f0xx_flash.o(i.FLASH_WaitForLastOperation) for FLASH_WaitForLastOperation
    stm32f0xx_flash.o(i.FLASH_OB_Erase) refers to stm32f0xx_flash.o(i.FLASH_OB_GetRDP) for FLASH_OB_GetRDP
    stm32f0xx_flash.o(i.FLASH_OB_Erase) refers to stm32f0xx_flash.o(i.FLASH_WaitForLastOperation) for FLASH_WaitForLastOperation
    stm32f0xx_flash.o(i.FLASH_OB_ProgramData) refers to stm32f0xx_flash.o(i.FLASH_WaitForLastOperation) for FLASH_WaitForLastOperation
    stm32f0xx_flash.o(i.FLASH_OB_RDPConfig) refers to stm32f0xx_flash.o(i.FLASH_WaitForLastOperation) for FLASH_WaitForLastOperation
    stm32f0xx_flash.o(i.FLASH_OB_SRAMParityConfig) refers to stm32f0xx_flash.o(i.FLASH_WaitForLastOperation) for FLASH_WaitForLastOperation
    stm32f0xx_flash.o(i.FLASH_OB_UserConfig) refers to stm32f0xx_flash.o(i.FLASH_WaitForLastOperation) for FLASH_WaitForLastOperation
    stm32f0xx_flash.o(i.FLASH_OB_VDDAConfig) refers to stm32f0xx_flash.o(i.FLASH_WaitForLastOperation) for FLASH_WaitForLastOperation
    stm32f0xx_flash.o(i.FLASH_OB_WriteUser) refers to stm32f0xx_flash.o(i.FLASH_WaitForLastOperation) for FLASH_WaitForLastOperation
    stm32f0xx_flash.o(i.FLASH_ProgramHalfWord) refers to stm32f0xx_flash.o(i.FLASH_WaitForLastOperation) for FLASH_WaitForLastOperation
    stm32f0xx_flash.o(i.FLASH_ProgramWord) refers to stm32f0xx_flash.o(i.FLASH_WaitForLastOperation) for FLASH_WaitForLastOperation
    stm32f0xx_flash.o(i.FLASH_WaitForLastOperation) refers to stm32f0xx_flash.o(i.FLASH_GetStatus) for FLASH_GetStatus
    stm32f0xx_i2c.o(i.I2C_DeInit) refers to stm32f0xx_rcc.o(i.RCC_APB1PeriphResetCmd) for RCC_APB1PeriphResetCmd
    stm32f0xx_rcc.o(i.RCC_GetClocksFreq) refers to uidiv.o(.text) for __aeabi_uidivmod
    stm32f0xx_rcc.o(i.RCC_GetClocksFreq) refers to stm32f0xx_rcc.o(.data) for .data
    stm32f0xx_rcc.o(i.RCC_WaitForHSEStartUp) refers to stm32f0xx_rcc.o(i.RCC_GetFlagStatus) for RCC_GetFlagStatus
    stm32f0xx_spi.o(i.I2S_Init) refers to stm32f0xx_rcc.o(i.RCC_GetClocksFreq) for RCC_GetClocksFreq
    stm32f0xx_spi.o(i.I2S_Init) refers to uidiv.o(.text) for __aeabi_uidivmod
    stm32f0xx_spi.o(i.SPI_I2S_DeInit) refers to stm32f0xx_rcc.o(i.RCC_APB2PeriphResetCmd) for RCC_APB2PeriphResetCmd
    stm32f0xx_spi.o(i.SPI_I2S_DeInit) refers to stm32f0xx_rcc.o(i.RCC_APB1PeriphResetCmd) for RCC_APB1PeriphResetCmd
    stm32f0xx_tim.o(i.TIM_DeInit) refers to stm32f0xx_rcc.o(i.RCC_APB1PeriphResetCmd) for RCC_APB1PeriphResetCmd
    stm32f0xx_tim.o(i.TIM_DeInit) refers to stm32f0xx_rcc.o(i.RCC_APB2PeriphResetCmd) for RCC_APB2PeriphResetCmd
    stm32f0xx_tim.o(i.TIM_ETRClockMode1Config) refers to stm32f0xx_tim.o(i.TIM_ETRConfig) for TIM_ETRConfig
    stm32f0xx_tim.o(i.TIM_ETRClockMode2Config) refers to stm32f0xx_tim.o(i.TIM_ETRConfig) for TIM_ETRConfig
    stm32f0xx_tim.o(i.TIM_ICInit) refers to stm32f0xx_tim.o(i.TIM_SetIC4Prescaler) for TIM_SetIC4Prescaler
    stm32f0xx_tim.o(i.TIM_ICInit) refers to stm32f0xx_tim.o(i.TI1_Config) for TI1_Config
[...]
    mallocr.o(i.__malloc$realloc) refers to startup_stm32f0xx.o(HEAP) for __heap_base
    mallocr.o(i.__malloc$realloc) refers to mvars.o(.data) for __microlib_freelist
    mallocr.o(i.internal_alloc) refers to memcpya.o(.text) for __aeabi_memcpy
    mallocr.o(i.internal_alloc) refers to mvars.o(.data) for __microlib_freelist
    mallocr.o(i.realloc) refers to mallocr.o(i.__free$realloc) for __free$realloc
    mallocr.o(i.realloc) refers to mallocr.o(i.internal_alloc) for internal_alloc
    mallocr.o(i.realloc) refers to mallocr.o(i.__malloc$realloc) for __malloc$realloc
    mallocr.o(i.realloc) refers to mvars.o(.data) for __microlib_freelist
    malloca.o(i.__aligned_malloc) refers to mvars.o(.data) for __microlib_freelist
    malloca.o(i.__aligned_malloc) refers to mvars.o(.data) for __microlib_freelist_initialised
    malloca.o(i.__aligned_malloc) refers to startup_stm32f0xx.o(HEAP) for __heap_base
    malloca.o(i.__free$memalign) refers to mvars.o(.data) for __microlib_freelist
    malloca.o(i.__malloc$memalign) refers to malloca.o(i.__aligned_malloc) for __aligned_malloc
    mallocra.o(i.__aligned_malloc$realloc) refers to mallocra.o(i.internal_alloc) for internal_alloc
    mallocra.o(i.__aligned_malloc$realloc) refers to startup_stm32f0xx.o(HEAP) for __heap_base
    mallocra.o(i.__aligned_malloc$realloc) refers to mvars.o(.data) for __microlib_freelist
    mallocra.o(i.__aligned_malloc$realloc) refers to mvars.o(.data) for __microlib_freelist_initialised
    mallocra.o(i.__free$realloc$memalign) refers to mvars.o(.data) for __microlib_freelist
    mallocra.o(i.__malloc$realloc$memalign) refers to mallocra.o(i.__aligned_malloc$realloc) for __aligned_malloc$realloc
    mallocra.o(i.__realloc$memalign) refers to mallocra.o(i.__free$realloc$memalign) for __free$realloc$memalign
    mallocra.o(i.__realloc$memalign) refers to mallocra.o(i.internal_alloc) for internal_alloc
    mallocra.o(i.__realloc$memalign) refers to mallocra.o(i.__malloc$realloc$memalign) for __malloc$realloc$memalign
    mallocra.o(i.__realloc$memalign) refers to mvars.o(.data) for __microlib_freelist
    mallocra.o(i.internal_alloc) refers to memcpya.o(.text) for __aeabi_memcpy
    mallocra.o(i.internal_alloc) refers to mvars.o(.data) for __microlib_freelist
    cpp_dtor.o(.text) refers to cpp_dtor.o(.data) for .data
    cpp_unwinder.o(.text) refers to cpp_unwinder.o(.data) for .data
    init.o(.text) refers to entry5.o(.ARM.Collect$$$$00000004) for __main_after_scatterload
    main.o(.ARM.exidx) refers to main.o(i._ZN5FieldC1Ev) for i._ZN5FieldC1Ev


==============================================================================

Removing Unused input sections from the image.

    Removing system_stm32f0xx.o(.rev16_text), (4 bytes).
    Removing system_stm32f0xx.o(.revsh_text), (4 bytes).
    Removing stm32f0xx_adc.o(.rev16_text), (4 bytes).
    Removing stm32f0xx_adc.o(.revsh_text), (4 bytes).
    Removing stm32f0xx_adc.o(i.ADC_AnalogWatchdogCmd), (20 bytes).
    Removing stm32f0xx_adc.o(i.ADC_AnalogWatchdogSingleChannelCmd), (20 bytes).
    Removing stm32f0xx_adc.o(i.ADC_AnalogWatchdogSingleChannelConfig), (14 bytes).
    Removing stm32f0xx_adc.o(i.ADC_AnalogWatchdogThresholdsConfig), (8 bytes).
    Removing stm32f0xx_adc.o(i.ADC_AutoPowerOffCmd), (20 bytes).
    Removing stm32f0xx_adc.o(i.ADC_ChannelConfig), (10 bytes).
    Removing stm32f0xx_adc.o(i.ADC_ClearFlag), (4 bytes).
    Removing stm32f0xx_adc.o(i.ADC_ClearITPendingBit), (4 bytes).
    Removing stm32f0xx_adc.o(i.ADC_Cmd), (18 bytes).
    Removing stm32f0xx_adc.o(i.ADC_ContinuousModeCmd), (20 bytes).
    Removing stm32f0xx_adc.o(i.ADC_DMACmd), (20 bytes).
    Removing stm32f0xx_adc.o(i.ADC_DMARequestModeConfig), (16 bytes).
    Removing stm32f0xx_adc.o(i.ADC_DeInit), (32 bytes).
    Removing stm32f0xx_adc.o(i.ADC_DiscModeCmd), (20 bytes).
    Removing stm32f0xx_adc.o(i.ADC_GetCalibrationFactor), (46 bytes).
    Removing stm32f0xx_adc.o(i.ADC_GetConversionValue), (6 bytes).
    Removing stm32f0xx_adc.o(i.ADC_GetFlagStatus), (28 bytes).
    Removing stm32f0xx_adc.o(i.ADC_GetITStatus), (22 bytes).
    Removing stm32f0xx_adc.o(i.ADC_ITConfig), (16 bytes).
    Removing stm32f0xx_adc.o(i.ADC_Init), (44 bytes).
    Removing stm32f0xx_adc.o(i.ADC_JitterCmd), (16 bytes).
    Removing stm32f0xx_adc.o(i.ADC_OverrunModeCmd), (20 bytes).
    Removing stm32f0xx_adc.o(i.ADC_StartOfConversion), (10 bytes).
    Removing stm32f0xx_adc.o(i.ADC_StopOfConversion), (10 bytes).
    Removing stm32f0xx_adc.o(i.ADC_StructInit), (16 bytes).
    Removing stm32f0xx_adc.o(i.ADC_TempSensorCmd), (28 bytes).
    Removing stm32f0xx_adc.o(i.ADC_VbatCmd), (28 bytes).
    Removing stm32f0xx_adc.o(i.ADC_VrefintCmd), (28 bytes).
    Removing stm32f0xx_adc.o(i.ADC_WaitModeCmd), (20 bytes).
    Removing stm32f0xx_comp.o(.rev16_text), (4 bytes).
    Removing stm32f0xx_comp.o(.revsh_text), (4 bytes).
    Removing stm32f0xx_comp.o(i.COMP_Cmd), (28 bytes).
    Removing stm32f0xx_comp.o(i.COMP_DeInit), (12 bytes).
    Removing stm32f0xx_comp.o(i.COMP_GetOutputLevel), (32 bytes).
    Removing stm32f0xx_comp.o(i.COMP_Init), (48 bytes).
    Removing stm32f0xx_comp.o(i.COMP_LockConfig), (20 bytes).
    Removing stm32f0xx_comp.o(i.COMP_StructInit), (16 bytes).
    Removing stm32f0xx_comp.o(i.COMP_SwitchCmd), (24 bytes).
    Removing stm32f0xx_comp.o(i.COMP_WindowCmd), (24 bytes).
    Removing stm32f0xx_dac.o(.rev16_text), (4 bytes).
    Removing stm32f0xx_dac.o(.revsh_text), (4 bytes).
    Removing stm32f0xx_dac.o(i.DAC_ClearFlag), (12 bytes).
    Removing stm32f0xx_dac.o(i.DAC_ClearITPendingBit), (12 bytes).
    Removing stm32f0xx_dac.o(i.DAC_Cmd), (28 bytes).
    Removing stm32f0xx_dac.o(i.DAC_DMACmd), (28 bytes).
    Removing stm32f0xx_dac.o(i.DAC_DeInit), (22 bytes).
    Removing stm32f0xx_dac.o(i.DAC_GetDataOutputValue), (24 bytes).
    Removing stm32f0xx_dac.o(i.DAC_GetFlagStatus), (24 bytes).
    Removing stm32f0xx_dac.o(i.DAC_GetITStatus), (32 bytes).
    Removing stm32f0xx_dac.o(i.DAC_ITConfig), (24 bytes).
    Removing stm32f0xx_dac.o(i.DAC_Init), (32 bytes).
    Removing stm32f0xx_dac.o(i.DAC_SetChannel1Data), (20 bytes).
    Removing stm32f0xx_dac.o(i.DAC_SoftwareTriggerCmd), (28 bytes).
    Removing stm32f0xx_dac.o(i.DAC_StructInit), (8 bytes).
    Removing stm32f0xx_dma.o(.rev16_text), (4 bytes).
    Removing stm32f0xx_dma.o(.revsh_text), (4 bytes).
    Removing stm32f0xx_dma.o(i.DMA_ClearFlag), (12 bytes).
    Removing stm32f0xx_dma.o(i.DMA_ClearITPendingBit), (12 bytes).
    Removing stm32f0xx_dma.o(i.DMA_Cmd), (24 bytes).
    Removing stm32f0xx_dma.o(i.DMA_DeInit), (108 bytes).
    Removing stm32f0xx_dma.o(i.DMA_GetCurrDataCounter), (6 bytes).
    Removing stm32f0xx_dma.o(i.DMA_GetFlagStatus), (20 bytes).
    Removing stm32f0xx_dma.o(i.DMA_GetITStatus), (20 bytes).
    Removing stm32f0xx_dma.o(i.DMA_ITConfig), (16 bytes).
    Removing stm32f0xx_dma.o(i.DMA_Init), (60 bytes).
    Removing stm32f0xx_dma.o(i.DMA_SetCurrDataCounter), (4 bytes).
    Removing stm32f0xx_dma.o(i.DMA_StructInit), (26 bytes).
    Removing stm32f0xx_flash.o(.rev16_text), (4 bytes).
    Removing stm32f0xx_flash.o(.revsh_text), (4 bytes).
    Removing stm32f0xx_flash.o(i.FLASH_ClearFlag), (12 bytes).
    Removing stm32f0xx_flash.o(i.FLASH_EraseAllPages), (52 bytes).
    Removing stm32f0xx_flash.o(i.FLASH_ErasePage), (56 bytes).
    Removing stm32f0xx_flash.o(i.FLASH_GetFlagStatus), (20 bytes).
    Removing stm32f0xx_flash.o(i.FLASH_GetPrefetchBufferStatus), (20 bytes).
    Removing stm32f0xx_flash.o(i.FLASH_GetStatus), (40 bytes).
    Removing stm32f0xx_flash.o(i.FLASH_ITConfig), (24 bytes).
    Removing stm32f0xx_flash.o(i.FLASH_Lock), (16 bytes).
    Removing stm32f0xx_flash.o(i.FLASH_OB_BOOTConfig), (64 bytes).
    Removing stm32f0xx_flash.o(i.FLASH_OB_EnableWRP), (88 bytes).
    Removing stm32f0xx_flash.o(i.FLASH_OB_Erase), (116 bytes).
    Removing stm32f0xx_flash.o(i.FLASH_OB_GetRDP), (20 bytes).
    Removing stm32f0xx_flash.o(i.FLASH_OB_GetUser), (16 bytes).
    Removing stm32f0xx_flash.o(i.FLASH_OB_GetWRP), (12 bytes).
    Removing stm32f0xx_flash.o(i.FLASH_OB_Launch), (20 bytes).
    Removing stm32f0xx_flash.o(i.FLASH_OB_Lock), (16 bytes).
    Removing stm32f0xx_flash.o(i.FLASH_OB_ProgramData), (56 bytes).
    Removing stm32f0xx_flash.o(i.FLASH_OB_RDPConfig), (92 bytes).
    Removing stm32f0xx_flash.o(i.FLASH_OB_SRAMParityConfig), (64 bytes).
    Removing stm32f0xx_flash.o(i.FLASH_OB_Unlock), (32 bytes).
    Removing stm32f0xx_flash.o(i.FLASH_OB_UserConfig), (72 bytes).
    Removing stm32f0xx_flash.o(i.FLASH_OB_VDDAConfig), (64 bytes).
    Removing stm32f0xx_flash.o(i.FLASH_OB_WriteUser), (64 bytes).
    Removing stm32f0xx_flash.o(i.FLASH_PrefetchBufferCmd), (24 bytes).
    Removing stm32f0xx_flash.o(i.FLASH_ProgramHalfWord), (52 bytes).
    Removing stm32f0xx_flash.o(i.FLASH_ProgramWord), (76 bytes).
    Removing stm32f0xx_flash.o(i.FLASH_SetLatency), (20 bytes).
    Removing stm32f0xx_flash.o(i.FLASH_Unlock), (32 bytes).
    Removing stm32f0xx_flash.o(i.FLASH_WaitForLastOperation), (34 bytes).
    Removing stm32f0xx_i2c.o(.rev16_text), (4 bytes).
    Removing stm32f0xx_i2c.o(.revsh_text), (4 bytes).
    Removing stm32f0xx_i2c.o(i.I2C_10BitAddressHeaderCmd), (20 bytes).
    Removing stm32f0xx_i2c.o(i.I2C_10BitAddressingModeCmd), (20 bytes).
    Removing stm32f0xx_i2c.o(i.I2C_AcknowledgeConfig), (20 bytes).
    Removing stm32f0xx_i2c.o(i.I2C_AutoEndCmd), (20 bytes).
    Removing stm32f0xx_i2c.o(i.I2C_CalculatePEC), (20 bytes).
    Removing stm32f0xx_i2c.o(i.I2C_ClearFlag), (4 bytes).
    Removing stm32f0xx_i2c.o(i.I2C_ClearITPendingBit), (4 bytes).
    Removing stm32f0xx_i2c.o(i.I2C_ClockTimeoutCmd), (20 bytes).
    Removing stm32f0xx_i2c.o(i.I2C_Cmd), (20 bytes).
    Removing stm32f0xx_i2c.o(i.I2C_DMACmd), (16 bytes).
    Removing stm32f0xx_i2c.o(i.I2C_DeInit), (40 bytes).
    Removing stm32f0xx_i2c.o(i.I2C_DualAddressCmd), (20 bytes).
    Removing stm32f0xx_i2c.o(i.I2C_ExtendedClockTimeoutCmd), (22 bytes).
    Removing stm32f0xx_i2c.o(i.I2C_GeneralCallCmd), (20 bytes).
    Removing stm32f0xx_i2c.o(i.I2C_GenerateSTART), (20 bytes).
    Removing stm32f0xx_i2c.o(i.I2C_GenerateSTOP), (20 bytes).
    Removing stm32f0xx_i2c.o(i.I2C_GetAddressMatched), (10 bytes).
    Removing stm32f0xx_i2c.o(i.I2C_GetFlagStatus), (14 bytes).
    Removing stm32f0xx_i2c.o(i.I2C_GetITStatus), (48 bytes).
    Removing stm32f0xx_i2c.o(i.I2C_GetPEC), (6 bytes).
    Removing stm32f0xx_i2c.o(i.I2C_GetTransferDirection), (18 bytes).
    Removing stm32f0xx_i2c.o(i.I2C_ITConfig), (16 bytes).
    Removing stm32f0xx_i2c.o(i.I2C_IdleClockTimeoutCmd), (20 bytes).
    Removing stm32f0xx_i2c.o(i.I2C_Init), (100 bytes).
    Removing stm32f0xx_i2c.o(i.I2C_MasterRequestConfig), (20 bytes).
    Removing stm32f0xx_i2c.o(i.I2C_NumberOfBytesConfig), (16 bytes).
    Removing stm32f0xx_i2c.o(i.I2C_OwnAddress2Config), (28 bytes).
    Removing stm32f0xx_i2c.o(i.I2C_PECRequestCmd), (20 bytes).
    Removing stm32f0xx_i2c.o(i.I2C_ReadRegister), (10 bytes).
    Removing stm32f0xx_i2c.o(i.I2C_ReceiveData), (6 bytes).
    Removing stm32f0xx_i2c.o(i.I2C_ReloadCmd), (20 bytes).
    Removing stm32f0xx_i2c.o(i.I2C_SMBusAlertCmd), (20 bytes).
    Removing stm32f0xx_i2c.o(i.I2C_SendData), (4 bytes).
    Removing stm32f0xx_i2c.o(i.I2C_SlaveAddressConfig), (16 bytes).
    Removing stm32f0xx_i2c.o(i.I2C_SlaveByteControlCmd), (20 bytes).
    Removing stm32f0xx_i2c.o(i.I2C_SoftwareResetCmd), (20 bytes).
    Removing stm32f0xx_i2c.o(i.I2C_StopModeCmd), (20 bytes).
    Removing stm32f0xx_i2c.o(i.I2C_StretchClockCmd), (20 bytes).
    Removing stm32f0xx_i2c.o(i.I2C_StructInit), (22 bytes).
    Removing stm32f0xx_i2c.o(i.I2C_TimeoutAConfig), (16 bytes).
    Removing stm32f0xx_i2c.o(i.I2C_TimeoutBConfig), (20 bytes).
    Removing stm32f0xx_i2c.o(i.I2C_TransferHandling), (32 bytes).
    Removing stm32f0xx_misc.o(.rev16_text), (4 bytes).
    Removing stm32f0xx_misc.o(.revsh_text), (4 bytes).
    Removing stm32f0xx_misc.o(i.NVIC_Init), (80 bytes).
    Removing stm32f0xx_misc.o(i.NVIC_SystemLPConfig), (24 bytes).
    Removing stm32f0xx_misc.o(i.SysTick_CLKSourceConfig), (24 bytes).
    Removing stm32f0xx_rcc.o(.rev16_text), (4 bytes).
    Removing stm32f0xx_rcc.o(.revsh_text), (4 bytes).
    Removing stm32f0xx_rcc.o(i.RCC_ADCCLKConfig), (44 bytes).
    Removing stm32f0xx_rcc.o(i.RCC_AHBPeriphResetCmd), (24 bytes).
    Removing stm32f0xx_rcc.o(i.RCC_APB1PeriphClockCmd), (24 bytes).
    Removing stm32f0xx_rcc.o(i.RCC_APB1PeriphResetCmd), (24 bytes).
    Removing stm32f0xx_rcc.o(i.RCC_APB2PeriphResetCmd), (24 bytes).
    Removing stm32f0xx_rcc.o(i.RCC_AdjustHSI14CalibrationValue), (20 bytes).
    Removing stm32f0xx_rcc.o(i.RCC_AdjustHSICalibrationValue), (20 bytes).
    Removing stm32f0xx_rcc.o(i.RCC_BackupResetCmd), (28 bytes).
    Removing stm32f0xx_rcc.o(i.RCC_CECCLKConfig), (24 bytes).
    Removing stm32f0xx_rcc.o(i.RCC_ClearFlag), (20 bytes).
    Removing stm32f0xx_rcc.o(i.RCC_ClearITPendingBit), (12 bytes).
    Removing stm32f0xx_rcc.o(i.RCC_ClockSecuritySystemCmd), (28 bytes).
    Removing stm32f0xx_rcc.o(i.RCC_DeInit), (92 bytes).
    Removing stm32f0xx_rcc.o(i.RCC_GetClocksFreq), (232 bytes).
    Removing stm32f0xx_rcc.o(i.RCC_GetFlagStatus), (52 bytes).
    Removing stm32f0xx_rcc.o(i.RCC_GetITStatus), (20 bytes).
    Removing stm32f0xx_rcc.o(i.RCC_GetSYSCLKSource), (16 bytes).
    Removing stm32f0xx_rcc.o(i.RCC_HCLKConfig), (20 bytes).
    Removing stm32f0xx_rcc.o(i.RCC_HSEConfig), (16 bytes).
    Removing stm32f0xx_rcc.o(i.RCC_HSI14ADCRequestCmd), (24 bytes).
    Removing stm32f0xx_rcc.o(i.RCC_HSI14Cmd), (28 bytes).
    Removing stm32f0xx_rcc.o(i.RCC_HSICmd), (28 bytes).
    Removing stm32f0xx_rcc.o(i.RCC_I2CCLKConfig), (24 bytes).
    Removing stm32f0xx_rcc.o(i.RCC_ITConfig), (24 bytes).
    Removing stm32f0xx_rcc.o(i.RCC_LSEConfig), (32 bytes).
    Removing stm32f0xx_rcc.o(i.RCC_LSEDriveConfig), (24 bytes).
    Removing stm32f0xx_rcc.o(i.RCC_LSICmd), (28 bytes).
    Removing stm32f0xx_rcc.o(i.RCC_MCOConfig), (12 bytes).
    Removing stm32f0xx_rcc.o(i.RCC_PCLKConfig), (20 bytes).
    Removing stm32f0xx_rcc.o(i.RCC_PLLCmd), (28 bytes).
    Removing stm32f0xx_rcc.o(i.RCC_PLLConfig), (28 bytes).
    Removing stm32f0xx_rcc.o(i.RCC_PREDIV1Config), (20 bytes).
    Removing stm32f0xx_rcc.o(i.RCC_RTCCLKCmd), (28 bytes).
    Removing stm32f0xx_rcc.o(i.RCC_RTCCLKConfig), (16 bytes).
    Removing stm32f0xx_rcc.o(i.RCC_SYSCLKConfig), (20 bytes).
    Removing stm32f0xx_rcc.o(i.RCC_USARTCLKConfig), (24 bytes).
    Removing stm32f0xx_rcc.o(i.RCC_WaitForHSEStartUp), (44 bytes).
    Removing stm32f0xx_rcc.o(.data), (16 bytes).
    Removing stm32f0xx_spi.o(.rev16_text), (4 bytes).
    Removing stm32f0xx_spi.o(.revsh_text), (4 bytes).
    Removing stm32f0xx_spi.o(i.I2S_Cmd), (28 bytes).
    Removing stm32f0xx_spi.o(i.I2S_Init), (156 bytes).
    Removing stm32f0xx_spi.o(i.I2S_StructInit), (18 bytes).
    Removing stm32f0xx_spi.o(i.SPI_BiDirectionalLineConfig), (28 bytes).
    Removing stm32f0xx_spi.o(i.SPI_CRCLengthConfig), (20 bytes).
    Removing stm32f0xx_spi.o(i.SPI_CalculateCRC), (28 bytes).
    Removing stm32f0xx_spi.o(i.SPI_DataSizeConfig), (16 bytes).
    Removing stm32f0xx_spi.o(i.SPI_GetCRC), (12 bytes).
    Removing stm32f0xx_spi.o(i.SPI_GetCRCPolynomial), (4 bytes).
    Removing stm32f0xx_spi.o(i.SPI_GetReceptionFIFOStatus), (10 bytes).
    Removing stm32f0xx_spi.o(i.SPI_GetTransmissionFIFOStatus), (10 bytes).
    Removing stm32f0xx_spi.o(i.SPI_I2S_ClearFlag), (6 bytes).
    Removing stm32f0xx_spi.o(i.SPI_I2S_DMACmd), (16 bytes).
    Removing stm32f0xx_spi.o(i.SPI_I2S_DeInit), (64 bytes).
    Removing stm32f0xx_spi.o(i.SPI_I2S_GetITStatus), (42 bytes).
    Removing stm32f0xx_spi.o(i.SPI_I2S_ITConfig), (24 bytes).
    Removing stm32f0xx_spi.o(i.SPI_I2S_ReceiveData16), (4 bytes).
    Removing stm32f0xx_spi.o(i.SPI_I2S_SendData16), (4 bytes).
    Removing stm32f0xx_spi.o(i.SPI_LastDMATransferCmd), (20 bytes).
    Removing stm32f0xx_spi.o(i.SPI_NSSInternalSoftwareConfig), (28 bytes).
    Removing stm32f0xx_spi.o(i.SPI_NSSPulseModeCmd), (18 bytes).
    Removing stm32f0xx_spi.o(i.SPI_ReceiveData8), (4 bytes).
    Removing stm32f0xx_spi.o(i.SPI_RxFIFOThresholdConfig), (20 bytes).
    Removing stm32f0xx_spi.o(i.SPI_SSOutputCmd), (18 bytes).
    Removing stm32f0xx_spi.o(i.SPI_StructInit), (28 bytes).
    Removing stm32f0xx_spi.o(i.SPI_TIModeCmd), (18 bytes).
    Removing stm32f0xx_spi.o(i.SPI_TransmitCRC), (12 bytes).
    Removing stm32f0xx_tim.o(.rev16_text), (4 bytes).
    Removing stm32f0xx_tim.o(.revsh_text), (4 bytes).
    Removing stm32f0xx_tim.o(i.TI1_Config), (40 bytes).
    Removing stm32f0xx_tim.o(i.TI2_Config), (48 bytes).
    Removing stm32f0xx_tim.o(i.TIM_ARRPreloadConfig), (18 bytes).
    Removing stm32f0xx_tim.o(i.TIM_BDTRConfig), (34 bytes).
    Removing stm32f0xx_tim.o(i.TIM_BDTRStructInit), (18 bytes).
    Removing stm32f0xx_tim.o(i.TIM_CCPreloadControl), (20 bytes).
    Removing stm32f0xx_tim.o(i.TIM_CCxCmd), (22 bytes).
    Removing stm32f0xx_tim.o(i.TIM_CCxNCmd), (22 bytes).
    Removing stm32f0xx_tim.o(i.TIM_ClearFlag), (6 bytes).
    Removing stm32f0xx_tim.o(i.TIM_ClearITPendingBit), (6 bytes).
    Removing stm32f0xx_tim.o(i.TIM_ClearOC1Ref), (12 bytes).
    Removing stm32f0xx_tim.o(i.TIM_ClearOC2Ref), (14 bytes).
    Removing stm32f0xx_tim.o(i.TIM_ClearOC3Ref), (12 bytes).
    Removing stm32f0xx_tim.o(i.TIM_ClearOC4Ref), (14 bytes).
    Removing stm32f0xx_tim.o(i.TIM_Cmd), (20 bytes).
    Removing stm32f0xx_tim.o(i.TIM_CounterModeConfig), (12 bytes).
    Removing stm32f0xx_tim.o(i.TIM_CtrlPWMOutputs), (24 bytes).
    Removing stm32f0xx_tim.o(i.TIM_DMACmd), (16 bytes).
    Removing stm32f0xx_tim.o(i.TIM_DMAConfig), (8 bytes).
    Removing stm32f0xx_tim.o(i.TIM_DeInit), (180 bytes).
    Removing stm32f0xx_tim.o(i.TIM_ETRClockMode1Config), (28 bytes).
    Removing stm32f0xx_tim.o(i.TIM_ETRClockMode2Config), (20 bytes).
    Removing stm32f0xx_tim.o(i.TIM_ETRConfig), (18 bytes).
    Removing stm32f0xx_tim.o(i.TIM_EncoderInterfaceConfig), (48 bytes).
    Removing stm32f0xx_tim.o(i.TIM_ForcedOC1Config), (12 bytes).
    Removing stm32f0xx_tim.o(i.TIM_ForcedOC2Config), (20 bytes).
    Removing stm32f0xx_tim.o(i.TIM_ForcedOC3Config), (12 bytes).
    Removing stm32f0xx_tim.o(i.TIM_ForcedOC4Config), (20 bytes).
    Removing stm32f0xx_tim.o(i.TIM_GenerateEvent), (4 bytes).
    Removing stm32f0xx_tim.o(i.TIM_GetCapture1), (4 bytes).
    Removing stm32f0xx_tim.o(i.TIM_GetCapture2), (4 bytes).
    Removing stm32f0xx_tim.o(i.TIM_GetCapture3), (4 bytes).
    Removing stm32f0xx_tim.o(i.TIM_GetCapture4), (4 bytes).
    Removing stm32f0xx_tim.o(i.TIM_GetCounter), (4 bytes).
    Removing stm32f0xx_tim.o(i.TIM_GetFlagStatus), (14 bytes).
    Removing stm32f0xx_tim.o(i.TIM_GetITStatus), (24 bytes).
    Removing stm32f0xx_tim.o(i.TIM_GetPrescaler), (4 bytes).
    Removing stm32f0xx_tim.o(i.TIM_ICInit), (184 bytes).
    Removing stm32f0xx_tim.o(i.TIM_ICStructInit), (16 bytes).
    Removing stm32f0xx_tim.o(i.TIM_ITConfig), (16 bytes).
    Removing stm32f0xx_tim.o(i.TIM_ITRxExternalClockConfig), (18 bytes).
    Removing stm32f0xx_tim.o(i.TIM_InternalClockConfig), (10 bytes).
    Removing stm32f0xx_tim.o(i.TIM_OC1FastConfig), (12 bytes).
    Removing stm32f0xx_tim.o(i.TIM_OC1Init), (124 bytes).
    Removing stm32f0xx_tim.o(i.TIM_OC1NPolarityConfig), (12 bytes).
    Removing stm32f0xx_tim.o(i.TIM_OC1PolarityConfig), (12 bytes).
    Removing stm32f0xx_tim.o(i.TIM_OC1PreloadConfig), (12 bytes).
    Removing stm32f0xx_tim.o(i.TIM_OC2FastConfig), (20 bytes).
    Removing stm32f0xx_tim.o(i.TIM_OC2Init), (144 bytes).
    Removing stm32f0xx_tim.o(i.TIM_OC2NPolarityConfig), (14 bytes).
    Removing stm32f0xx_tim.o(i.TIM_OC2PolarityConfig), (14 bytes).
    Removing stm32f0xx_tim.o(i.TIM_OC2PreloadConfig), (20 bytes).
    Removing stm32f0xx_tim.o(i.TIM_OC3FastConfig), (12 bytes).
    Removing stm32f0xx_tim.o(i.TIM_OC3Init), (136 bytes).
    Removing stm32f0xx_tim.o(i.TIM_OC3NPolarityConfig), (20 bytes).
    Removing stm32f0xx_tim.o(i.TIM_OC3PolarityConfig), (20 bytes).
    Removing stm32f0xx_tim.o(i.TIM_OC3PreloadConfig), (12 bytes).
    Removing stm32f0xx_tim.o(i.TIM_OC4FastConfig), (20 bytes).
    Removing stm32f0xx_tim.o(i.TIM_OC4Init), (100 bytes).
    Removing stm32f0xx_tim.o(i.TIM_OC4PolarityConfig), (20 bytes).
    Removing stm32f0xx_tim.o(i.TIM_OC4PreloadConfig), (20 bytes).
    Removing stm32f0xx_tim.o(i.TIM_OCStructInit), (20 bytes).
    Removing stm32f0xx_tim.o(i.TIM_PWMIConfig), (104 bytes).
    Removing stm32f0xx_tim.o(i.TIM_PrescalerConfig), (6 bytes).
    Removing stm32f0xx_tim.o(i.TIM_RemapConfig), (6 bytes).
    Removing stm32f0xx_tim.o(i.TIM_SelectCCDMA), (18 bytes).
    Removing stm32f0xx_tim.o(i.TIM_SelectCOM), (18 bytes).
    Removing stm32f0xx_tim.o(i.TIM_SelectHallSensor), (18 bytes).
    Removing stm32f0xx_tim.o(i.TIM_SelectInputTrigger), (12 bytes).
    Removing stm32f0xx_tim.o(i.TIM_SelectMasterSlaveMode), (16 bytes).
    Removing stm32f0xx_tim.o(i.TIM_SelectOCREFClear), (16 bytes).
    Removing stm32f0xx_tim.o(i.TIM_SelectOCxM), (70 bytes).
    Removing stm32f0xx_tim.o(i.TIM_SelectOnePulseMode), (16 bytes).
    Removing stm32f0xx_tim.o(i.TIM_SelectOutputTrigger), (16 bytes).
    Removing stm32f0xx_tim.o(i.TIM_SelectSlaveMode), (16 bytes).
    Removing stm32f0xx_tim.o(i.TIM_SetAutoreload), (4 bytes).
    Removing stm32f0xx_tim.o(i.TIM_SetClockDivision), (20 bytes).
    Removing stm32f0xx_tim.o(i.TIM_SetCompare1), (4 bytes).
    Removing stm32f0xx_tim.o(i.TIM_SetCompare2), (4 bytes).
    Removing stm32f0xx_tim.o(i.TIM_SetCompare3), (4 bytes).
    Removing stm32f0xx_tim.o(i.TIM_SetCompare4), (4 bytes).
    Removing stm32f0xx_tim.o(i.TIM_SetCounter), (4 bytes).
    Removing stm32f0xx_tim.o(i.TIM_SetIC1Prescaler), (16 bytes).
    Removing stm32f0xx_tim.o(i.TIM_SetIC2Prescaler), (24 bytes).
    Removing stm32f0xx_tim.o(i.TIM_SetIC3Prescaler), (16 bytes).
    Removing stm32f0xx_tim.o(i.TIM_SetIC4Prescaler), (24 bytes).
    Removing stm32f0xx_tim.o(i.TIM_TIxExternalClockConfig), (48 bytes).
    Removing stm32f0xx_tim.o(i.TIM_TimeBaseInit), (116 bytes).
    Removing stm32f0xx_tim.o(i.TIM_TimeBaseStructInit), (18 bytes).
    Removing stm32f0xx_tim.o(i.TIM_UpdateDisableConfig), (18 bytes).
    Removing stm32f0xx_tim.o(i.TIM_UpdateRequestConfig), (18 bytes).
    Removing stm32f0xx_wwdg.o(.rev16_text), (4 bytes).
    Removing stm32f0xx_wwdg.o(.revsh_text), (4 bytes).
    Removing stm32f0xx_wwdg.o(i.WWDG_ClearFlag), (12 bytes).
    Removing stm32f0xx_wwdg.o(i.WWDG_DeInit), (22 bytes).
    Removing stm32f0xx_wwdg.o(i.WWDG_Enable), (16 bytes).
    Removing stm32f0xx_wwdg.o(i.WWDG_EnableIT), (16 bytes).
    Removing stm32f0xx_wwdg.o(i.WWDG_GetFlagStatus), (20 bytes).
    Removing stm32f0xx_wwdg.o(i.WWDG_SetCounter), (16 bytes).
    Removing stm32f0xx_wwdg.o(i.WWDG_SetPrescaler), (20 bytes).
    Removing stm32f0xx_wwdg.o(i.WWDG_SetWindowValue), (28 bytes).
    Removing stm32f0xx_cec.o(.rev16_text), (4 bytes).
    Removing stm32f0xx_cec.o(.revsh_text), (4 bytes).
    Removing stm32f0xx_cec.o(i.CEC_ClearFlag), (12 bytes).
    Removing stm32f0xx_cec.o(i.CEC_ClearITPendingBit), (12 bytes).
    Removing stm32f0xx_cec.o(i.CEC_Cmd), (28 bytes).
    Removing stm32f0xx_cec.o(i.CEC_DeInit), (22 bytes).
    Removing stm32f0xx_cec.o(i.CEC_EndOfMessage), (16 bytes).
    Removing stm32f0xx_cec.o(i.CEC_GetFlagStatus), (20 bytes).
    Removing stm32f0xx_cec.o(i.CEC_GetITStatus), (28 bytes).
    Removing stm32f0xx_cec.o(i.CEC_ITConfig), (28 bytes).
    Removing stm32f0xx_cec.o(i.CEC_Init), (52 bytes).
    Removing stm32f0xx_cec.o(i.CEC_ListenModeCmd), (28 bytes).
    Removing stm32f0xx_cec.o(i.CEC_OwnAddressClear), (12 bytes).
    Removing stm32f0xx_cec.o(i.CEC_OwnAddressConfig), (20 bytes).
    Removing stm32f0xx_cec.o(i.CEC_ReceiveData), (12 bytes).
    Removing stm32f0xx_cec.o(i.CEC_SendData), (12 bytes).
    Removing stm32f0xx_cec.o(i.CEC_StartOfMessage), (16 bytes).
    Removing stm32f0xx_cec.o(i.CEC_StructInit), (18 bytes).
    Removing stm32f0xx_dbgmcu.o(.rev16_text), (4 bytes).
    Removing stm32f0xx_dbgmcu.o(.revsh_text), (4 bytes).
    Removing stm32f0xx_dbgmcu.o(i.DBGMCU_APB1PeriphConfig), (24 bytes).
    Removing stm32f0xx_dbgmcu.o(i.DBGMCU_APB2PeriphConfig), (24 bytes).
    Removing stm32f0xx_dbgmcu.o(i.DBGMCU_Config), (24 bytes).
    Removing stm32f0xx_dbgmcu.o(i.DBGMCU_GetDEVID), (16 bytes).
    Removing stm32f0xx_dbgmcu.o(i.DBGMCU_GetREVID), (12 bytes).
    Removing stm32f0xx_gpio.o(.rev16_text), (4 bytes).
    Removing stm32f0xx_gpio.o(.revsh_text), (4 bytes).
    Removing stm32f0xx_gpio.o(i.GPIO_DeInit), (96 bytes).
    Removing stm32f0xx_gpio.o(i.GPIO_PinLockConfig), (26 bytes).
    Removing stm32f0xx_gpio.o(i.GPIO_ReadInputData), (4 bytes).
    Removing stm32f0xx_gpio.o(i.GPIO_ReadInputDataBit), (14 bytes).
    Removing stm32f0xx_gpio.o(i.GPIO_ReadOutputData), (4 bytes).
    Removing stm32f0xx_gpio.o(i.GPIO_ReadOutputDataBit), (14 bytes).
    Removing stm32f0xx_gpio.o(i.GPIO_StructInit), (24 bytes).
    Removing stm32f0xx_gpio.o(i.GPIO_Write), (4 bytes).
    Removing stm32f0xx_gpio.o(i.GPIO_WriteBit), (12 bytes).
    Removing stm32f0xx_pwr.o(.rev16_text), (4 bytes).
    Removing stm32f0xx_pwr.o(.revsh_text), (4 bytes).
    Removing stm32f0xx_pwr.o(i.PWR_BackupAccessCmd), (24 bytes).
    Removing stm32f0xx_pwr.o(i.PWR_ClearFlag), (16 bytes).
    Removing stm32f0xx_pwr.o(i.PWR_DeInit), (22 bytes).
    Removing stm32f0xx_pwr.o(i.PWR_EnterSTANDBYMode), (40 bytes).
    Removing stm32f0xx_pwr.o(i.PWR_EnterSTOPMode), (48 bytes).
    Removing stm32f0xx_pwr.o(i.PWR_EnterSleepMode), (28 bytes).
    Removing stm32f0xx_pwr.o(i.PWR_GetFlagStatus), (20 bytes).
    Removing stm32f0xx_pwr.o(i.PWR_PVDCmd), (24 bytes).
    Removing stm32f0xx_pwr.o(i.PWR_PVDLevelConfig), (20 bytes).
    Removing stm32f0xx_pwr.o(i.PWR_WakeUpPinCmd), (24 bytes).
    Removing stm32f0xx_syscfg.o(.rev16_text), (4 bytes).
    Removing stm32f0xx_syscfg.o(.revsh_text), (4 bytes).
    Removing stm32f0xx_syscfg.o(i.SYSCFG_BreakConfig), (16 bytes).
    Removing stm32f0xx_syscfg.o(i.SYSCFG_ClearFlag), (16 bytes).
    Removing stm32f0xx_syscfg.o(i.SYSCFG_DMAChannelRemapConfig), (24 bytes).
    Removing stm32f0xx_syscfg.o(i.SYSCFG_DeInit), (36 bytes).
    Removing stm32f0xx_syscfg.o(i.SYSCFG_EXTILineConfig), (40 bytes).
    Removing stm32f0xx_syscfg.o(i.SYSCFG_GetFlagStatus), (20 bytes).
    Removing stm32f0xx_syscfg.o(i.SYSCFG_I2CFastModePlusConfig), (24 bytes).
    Removing stm32f0xx_syscfg.o(i.SYSCFG_MemoryRemapConfig), (20 bytes).
    Removing stm32f0xx_crc.o(.rev16_text), (4 bytes).
    Removing stm32f0xx_crc.o(.revsh_text), (4 bytes).
    Removing stm32f0xx_crc.o(i.CRC_CalcBlockCRC), (28 bytes).
    Removing stm32f0xx_crc.o(i.CRC_CalcCRC), (12 bytes).
    Removing stm32f0xx_crc.o(i.CRC_DeInit), (24 bytes).
    Removing stm32f0xx_crc.o(i.CRC_GetCRC), (12 bytes).
    Removing stm32f0xx_crc.o(i.CRC_GetIDRegister), (12 bytes).
    Removing stm32f0xx_crc.o(i.CRC_ResetDR), (12 bytes).
    Removing stm32f0xx_crc.o(i.CRC_ReverseInputDataSelect), (20 bytes).
    Removing stm32f0xx_crc.o(i.CRC_ReverseOutputDataCmd), (24 bytes).
    Removing stm32f0xx_crc.o(i.CRC_SetIDRegister), (12 bytes).
    Removing stm32f0xx_crc.o(i.CRC_SetInitRegister), (12 bytes).
    Removing stm32f0xx_iwdg.o(.rev16_text), (4 bytes).
    Removing stm32f0xx_iwdg.o(.revsh_text), (4 bytes).
    Removing stm32f0xx_iwdg.o(i.IWDG_Enable), (16 bytes).
    Removing stm32f0xx_iwdg.o(i.IWDG_GetFlagStatus), (20 bytes).
    Removing stm32f0xx_iwdg.o(i.IWDG_ReloadCounter), (16 bytes).
    Removing stm32f0xx_iwdg.o(i.IWDG_SetPrescaler), (12 bytes).
    Removing stm32f0xx_iwdg.o(i.IWDG_SetReload), (12 bytes).
    Removing stm32f0xx_iwdg.o(i.IWDG_SetWindowValue), (12 bytes).
    Removing stm32f0xx_iwdg.o(i.IWDG_WriteAccessCmd), (12 bytes).
    Removing stm32f0xx_usart.o(.rev16_text), (4 bytes).
    Removing stm32f0xx_usart.o(.revsh_text), (4 bytes).
    Removing stm32f0xx_usart.o(i.USART_AddressDetectionConfig), (16 bytes).
    Removing stm32f0xx_usart.o(i.USART_AutoBaudRateCmd), (20 bytes).
    Removing stm32f0xx_usart.o(i.USART_AutoBaudRateConfig), (18 bytes).
    Removing stm32f0xx_usart.o(i.USART_ClearFlag), (4 bytes).
    Removing stm32f0xx_usart.o(i.USART_ClearITPendingBit), (10 bytes).
    Removing stm32f0xx_usart.o(i.USART_ClockInit), (30 bytes).
    Removing stm32f0xx_usart.o(i.USART_ClockStructInit), (12 bytes).
    Removing stm32f0xx_usart.o(i.USART_Cmd), (20 bytes).
    Removing stm32f0xx_usart.o(i.USART_DECmd), (20 bytes).
    Removing stm32f0xx_usart.o(i.USART_DEPolarityConfig), (18 bytes).
    Removing stm32f0xx_usart.o(i.USART_DMACmd), (16 bytes).
    Removing stm32f0xx_usart.o(i.USART_DMAReceptionErrorConfig), (18 bytes).
    Removing stm32f0xx_usart.o(i.USART_DataInvCmd), (20 bytes).
    Removing stm32f0xx_usart.o(i.USART_DeInit), (64 bytes).
    Removing stm32f0xx_usart.o(i.USART_DirectionModeCmd), (16 bytes).
    Removing stm32f0xx_usart.o(i.USART_GetFlagStatus), (14 bytes).
    Removing stm32f0xx_usart.o(i.USART_GetITStatus), (56 bytes).
    Removing stm32f0xx_usart.o(i.USART_HalfDuplexCmd), (18 bytes).
    Removing stm32f0xx_usart.o(i.USART_ITConfig), (42 bytes).
    Removing stm32f0xx_usart.o(i.USART_Init), (140 bytes).
    Removing stm32f0xx_usart.o(i.USART_InvPinCmd), (16 bytes).
    Removing stm32f0xx_usart.o(i.USART_IrDACmd), (18 bytes).
    Removing stm32f0xx_usart.o(i.USART_IrDAConfig), (16 bytes).
    Removing stm32f0xx_usart.o(i.USART_LINBreakDetectLengthConfig), (16 bytes).
    Removing stm32f0xx_usart.o(i.USART_LINCmd), (20 bytes).
    Removing stm32f0xx_usart.o(i.USART_MSBFirstCmd), (20 bytes).
    Removing stm32f0xx_usart.o(i.USART_MuteModeCmd), (20 bytes).
    Removing stm32f0xx_usart.o(i.USART_MuteModeWakeUpConfig), (18 bytes).
    Removing stm32f0xx_usart.o(i.USART_OneBitMethodCmd), (20 bytes).
    Removing stm32f0xx_usart.o(i.USART_OverSampling8Cmd), (20 bytes).
    Removing stm32f0xx_usart.o(i.USART_OverrunDetectionConfig), (18 bytes).
    Removing stm32f0xx_usart.o(i.USART_ReceiveData), (8 bytes).
    Removing stm32f0xx_usart.o(i.USART_ReceiverTimeOutCmd), (20 bytes).
    Removing stm32f0xx_usart.o(i.USART_RequestCmd), (16 bytes).
    Removing stm32f0xx_usart.o(i.USART_STOPModeCmd), (18 bytes).
    Removing stm32f0xx_usart.o(i.USART_SWAPPinCmd), (20 bytes).
    Removing stm32f0xx_usart.o(i.USART_SendData), (8 bytes).
    Removing stm32f0xx_usart.o(i.USART_SetAddress), (18 bytes).
    Removing stm32f0xx_usart.o(i.USART_SetAutoRetryCount), (20 bytes).
    Removing stm32f0xx_usart.o(i.USART_SetBlockLength), (18 bytes).
    Removing stm32f0xx_usart.o(i.USART_SetDEAssertionTime), (20 bytes).
    Removing stm32f0xx_usart.o(i.USART_SetDEDeassertionTime), (20 bytes).
    Removing stm32f0xx_usart.o(i.USART_SetGuardTime), (16 bytes).
    Removing stm32f0xx_usart.o(i.USART_SetPrescaler), (16 bytes).
    Removing stm32f0xx_usart.o(i.USART_SetReceiverTimeOut), (16 bytes).
    Removing stm32f0xx_usart.o(i.USART_SmartCardCmd), (18 bytes).
    Removing stm32f0xx_usart.o(i.USART_SmartCardNACKCmd), (18 bytes).
    Removing stm32f0xx_usart.o(i.USART_StopModeWakeUpSourceConfig), (18 bytes).
    Removing stm32f0xx_usart.o(i.USART_StructInit), (22 bytes).
    Removing stm32f0xx_exti.o(.rev16_text), (4 bytes).
    Removing stm32f0xx_exti.o(.revsh_text), (4 bytes).
    Removing stm32f0xx_exti.o(i.EXTI_ClearFlag), (12 bytes).
    Removing stm32f0xx_exti.o(i.EXTI_ClearITPendingBit), (12 bytes).
    Removing stm32f0xx_exti.o(i.EXTI_DeInit), (32 bytes).
    Removing stm32f0xx_exti.o(i.EXTI_GenerateSWInterrupt), (16 bytes).
    Removing stm32f0xx_exti.o(i.EXTI_GetFlagStatus), (20 bytes).
    Removing stm32f0xx_exti.o(i.EXTI_GetITStatus), (20 bytes).
    Removing stm32f0xx_exti.o(i.EXTI_Init), (108 bytes).
    Removing stm32f0xx_exti.o(i.EXTI_StructInit), (14 bytes).
    Removing stm32f0xx_rtc.o(.rev16_text), (4 bytes).
    Removing stm32f0xx_rtc.o(.revsh_text), (4 bytes).
    Removing stm32f0xx_rtc.o(i.RTC_AlarmCmd), (80 bytes).
    Removing stm32f0xx_rtc.o(i.RTC_AlarmStructInit), (20 bytes).
    Removing stm32f0xx_rtc.o(i.RTC_AlarmSubSecondConfig), (32 bytes).
    Removing stm32f0xx_rtc.o(i.RTC_Bcd2ToByte), (16 bytes).
    Removing stm32f0xx_rtc.o(i.RTC_BypassShadowCmd), (40 bytes).
    Removing stm32f0xx_rtc.o(i.RTC_ByteToBcd2), (24 bytes).
    Removing stm32f0xx_rtc.o(i.RTC_CalibOutputCmd), (40 bytes).
    Removing stm32f0xx_rtc.o(i.RTC_CalibOutputConfig), (36 bytes).
    Removing stm32f0xx_rtc.o(i.RTC_ClearFlag), (28 bytes).
    Removing stm32f0xx_rtc.o(i.RTC_ClearITPendingBit), (28 bytes).
    Removing stm32f0xx_rtc.o(i.RTC_DateStructInit), (14 bytes).
    Removing stm32f0xx_rtc.o(i.RTC_DayLightSavingConfig), (40 bytes).
    Removing stm32f0xx_rtc.o(i.RTC_DeInit), (84 bytes).
    Removing stm32f0xx_rtc.o(i.RTC_EnterInitMode), (60 bytes).
    Removing stm32f0xx_rtc.o(i.RTC_ExitInitMode), (16 bytes).
    Removing stm32f0xx_rtc.o(i.RTC_GetAlarm), (100 bytes).
    Removing stm32f0xx_rtc.o(i.RTC_GetAlarmSubSecond), (16 bytes).
    Removing stm32f0xx_rtc.o(i.RTC_GetDate), (72 bytes).
    Removing stm32f0xx_rtc.o(i.RTC_GetFlagStatus), (28 bytes).
    Removing stm32f0xx_rtc.o(i.RTC_GetITStatus), (60 bytes).
    Removing stm32f0xx_rtc.o(i.RTC_GetStoreOperation), (16 bytes).
    Removing stm32f0xx_rtc.o(i.RTC_GetSubSecond), (12 bytes).
    Removing stm32f0xx_rtc.o(i.RTC_GetTime), (80 bytes).
    Removing stm32f0xx_rtc.o(i.RTC_GetTimeStamp), (136 bytes).
    Removing stm32f0xx_rtc.o(i.RTC_GetTimeStampSubSecond), (12 bytes).
    Removing stm32f0xx_rtc.o(i.RTC_ITConfig), (60 bytes).
    Removing stm32f0xx_rtc.o(i.RTC_Init), (72 bytes).
    Removing stm32f0xx_rtc.o(i.RTC_OutputConfig), (40 bytes).
    Removing stm32f0xx_rtc.o(i.RTC_OutputTypeConfig), (24 bytes).
    Removing stm32f0xx_rtc.o(i.RTC_ReadBackupRegister), (20 bytes).
    Removing stm32f0xx_rtc.o(i.RTC_RefClockCmd), (60 bytes).
    Removing stm32f0xx_rtc.o(i.RTC_SetAlarm), (136 bytes).
    Removing stm32f0xx_rtc.o(i.RTC_SetDate), (148 bytes).
    Removing stm32f0xx_rtc.o(i.RTC_SetTime), (144 bytes).
    Removing stm32f0xx_rtc.o(i.RTC_SmoothCalibConfig), (64 bytes).
    Removing stm32f0xx_rtc.o(i.RTC_StructInit), (14 bytes).
    Removing stm32f0xx_rtc.o(i.RTC_SynchroShiftConfig), (76 bytes).
    Removing stm32f0xx_rtc.o(i.RTC_TamperCmd), (24 bytes).
    Removing stm32f0xx_rtc.o(i.RTC_TamperFilterConfig), (24 bytes).
    Removing stm32f0xx_rtc.o(i.RTC_TamperPinsPrechargeDuration), (24 bytes).
    Removing stm32f0xx_rtc.o(i.RTC_TamperPullUpCmd), (24 bytes).
    Removing stm32f0xx_rtc.o(i.RTC_TamperSamplingFreqConfig), (24 bytes).
    Removing stm32f0xx_rtc.o(i.RTC_TamperTriggerConfig), (24 bytes).
    Removing stm32f0xx_rtc.o(i.RTC_TimeStampCmd), (44 bytes).
    Removing stm32f0xx_rtc.o(i.RTC_TimeStampOnTamperDetectionCmd), (24 bytes).
    Removing stm32f0xx_rtc.o(i.RTC_TimeStructInit), (12 bytes).
    Removing stm32f0xx_rtc.o(i.RTC_WaitForSynchro), (80 bytes).
    Removing stm32f0xx_rtc.o(i.RTC_WriteBackupRegister), (20 bytes).
    Removing stm32f0xx_rtc.o(i.RTC_WriteProtectionCmd), (24 bytes).
    Removing stm32f0xx_it.o(.rev16_text), (4 bytes).
    Removing stm32f0xx_it.o(.revsh_text), (4 bytes).
    Removing main.o(.rev16_text), (4 bytes).
    Removing main.o(.revsh_text), (4 bytes).
    Removing main.o(i._Z12print_sudokuPA9_h), (92 bytes).
    Removing main.o(i._Z12print_sudokuPh), (232 bytes).
    Removing main.o(i._Z5delayj), (14 bytes).
    Removing main.o(.ARM.exidx), (8 bytes).
    Removing main.o(.ARM.exidx), (8 bytes).
    Removing main.o(.ARM.exidx), (8 bytes).
    Removing main.o(.ARM.exidx), (8 bytes).
    Removing main.o(.ARM.exidx), (8 bytes).
    Removing main.o(.ARM.exidx), (8 bytes).
    Removing main.o(.ARM.exidx), (8 bytes).
    Removing main.o(.ARM.exidx), (8 bytes).
    Removing main.o(.ARM.exidx), (8 bytes).
    Removing main.o(.ARM.exidx), (8 bytes).
    Removing main.o(.ARM.exidx), (8 bytes).
    Removing main.o(.ARM.exidx), (8 bytes).
    Removing main.o(.ARM.exidx), (8 bytes).
    Removing printer.o(.rev16_text), (4 bytes).
    Removing printer.o(.revsh_text), (4 bytes).
    Removing printer.o(i._ZN8Printer_9prev_lineEh), (26 bytes).
    Removing printer.o(.ARM.exidx), (8 bytes).
    Removing printer.o(.ARM.exidx), (8 bytes).
    Removing printer.o(.ARM.exidx), (8 bytes).
    Removing printer.o(.ARM.exidx), (8 bytes).
    Removing printer.o(.ARM.exidx), (8 bytes).
    Removing printer.o(.ARM.exidx), (8 bytes).
    Removing printer.o(.ARM.exidx), (8 bytes).
    Removing printer.o(.ARM.exidx), (8 bytes).
    Removing printer.o(.ARM.exidx), (8 bytes).
    Removing printer.o(.ARM.exidx), (8 bytes).
    Removing printer.o(.ARM.exidx), (8 bytes).
    Removing font.o(.rev16_text), (4 bytes).
    Removing font.o(.revsh_text), (4 bytes).
    Removing sudoku.o(.rev16_text), (4 bytes).
    Removing sudoku.o(.revsh_text), (4 bytes).
    Removing sudoku.o(i._Z12shuffleArrayPhi), (40 bytes).
    Removing sudoku.o(i._Z13cellToSectioni), (30 bytes).
    Removing sudoku.o(i._Z13sectionToCellii), (28 bytes).
    Removing sudoku.o(i._Z15rowColumnToCellii), (8 bytes).
    Removing sudoku.o(i._Z18sectionToFirstCelli), (20 bytes).
    Removing sudoku.o(i._ZN11SudokuBoard11printPuzzleEv), (10 bytes).
    Removing sudoku.o(i._ZN11SudokuBoard12isImpossibleEv), (68 bytes).
    Removing sudoku.o(i._ZN11SudokuBoard13getDifficultyEv), (92 bytes).
    Removing sudoku.o(i._ZN11SudokuBoard13getGivenCountEv), (24 bytes).
    Removing sudoku.o(i._ZN11SudokuBoard13getGuessCountEv), (26 bytes).
    Removing sudoku.o(i._ZN11SudokuBoard13printSolutionEv), (10 bytes).
    Removing sudoku.o(i._ZN11SudokuBoard13rollbackRoundEi), (104 bytes).
    Removing sudoku.o(i._ZN11SudokuBoard13setPrintStyleENS_10PrintStyleE), (10 bytes).
    Removing sudoku.o(i._ZN11SudokuBoard14countSolutionsEib), (120 bytes).
    Removing sudoku.o(i._ZN11SudokuBoard14countSolutionsEv), (36 bytes).
    Removing sudoku.o(i._ZN11SudokuBoard14generatePuzzleEv), (144 bytes).
    Removing sudoku.o(i._ZN11SudokuBoard14getSingleCountEv), (26 bytes).
    Removing sudoku.o(i._ZN11SudokuBoard14onlyValueInRowEi), (134 bytes).
    Removing sudoku.o(i._ZN11SudokuBoard15colBoxReductionEi), (264 bytes).
    Removing sudoku.o(i._ZN11SudokuBoard15hiddenPairInRowEi), (370 bytes).
    Removing sudoku.o(i._ZN11SudokuBoard15rowBoxReductionEi), (264 bytes).
    Removing sudoku.o(i._ZN11SudokuBoard15singleSolveMoveEi), (150 bytes).
    Removing sudoku.o(i._ZN11SudokuBoard16handleNakedPairsEi), (400 bytes).
    Removing sudoku.o(i._ZN11SudokuBoard16setRecordHistoryEb), (10 bytes).
    Removing sudoku.o(i._ZN11SudokuBoard17getBacktrackCountEv), (26 bytes).
    Removing sudoku.o(i._ZN11SudokuBoard17getNakedPairCountEv), (34 bytes).
    Removing sudoku.o(i._ZN11SudokuBoard17onlyValueInColumnEi), (136 bytes).
    Removing sudoku.o(i._ZN11SudokuBoard18countPossibilitiesEi), (42 bytes).
    Removing sudoku.o(i._ZN11SudokuBoard18getHiddenPairCountEv), (34 bytes).
    Removing sudoku.o(i._ZN11SudokuBoard18hiddenPairInColumnEi), (370 bytes).
    Removing sudoku.o(i._ZN11SudokuBoard18onlyValueInSectionEi), (162 bytes).
    Removing sudoku.o(i._ZN11SudokuBoard18printPossibilitiesEv), (20 bytes).
    Removing sudoku.o(i._ZN11SudokuBoard18rollbackNonGuessesEv), (32 bytes).
    Removing sudoku.o(i._ZN11SudokuBoard19hiddenPairInSectionEi), (370 bytes).
    Removing sudoku.o(i._ZN11SudokuBoard19shuffleRandomArraysEv), (26 bytes).
    Removing sudoku.o(i._ZN11SudokuBoard20arePossibilitiesSameEii), (64 bytes).
    Removing sudoku.o(i._ZN11SudokuBoard20getHiddenSingleCountEv), (34 bytes).
    Removing sudoku.o(i._ZN11SudokuBoard20pointingRowReductionEi), (240 bytes).
    Removing sudoku.o(i._ZN11SudokuBoard21markRandomPossibilityEi), (96 bytes).
    Removing sudoku.o(i._ZN11SudokuBoard22onlyPossibilityForCellEi), (118 bytes).
    Removing sudoku.o(i._ZN11SudokuBoard23pointingColumnReductionEi), (242 bytes).
    Removing sudoku.o(i._ZN11SudokuBoard24getBoxLineReductionCountEv), (30 bytes).
    Removing sudoku.o(i._ZN11SudokuBoard26getPointingPairTripleCountEv), (30 bytes).
    Removing sudoku.o(i._ZN11SudokuBoard31removePossibilitiesInOneFromTwoEiii), (66 bytes).
    Removing sudoku.o(i._ZN11SudokuBoard35findPositionWithFewestPossibilitiesEv), (94 bytes).
    Removing sudoku.o(i._ZN11SudokuBoard5guessEii), (110 bytes).
    Removing sudoku.o(i._ZN11SudokuBoard5printEPh), (32 bytes).
    Removing sudoku.o(i._ZN11SudokuBoard5solveEi), (120 bytes).
    Removing sudoku.o(i._ZN11SudokuBoard5solveEv), (24 bytes).
    Removing sudoku.o(i._ZN11SudokuBoard8isSolvedEv), (24 bytes).
    Removing sudoku.o(.ARM.exidx), (8 bytes).
    Removing sudoku.o(.ARM.exidx), (8 bytes).
    Removing sudoku.o(.ARM.exidx), (8 bytes).
    Removing sudoku.o(.ARM.exidx), (8 bytes).
    Removing sudoku.o(.ARM.exidx), (8 bytes).
    Removing sudoku.o(.ARM.exidx), (8 bytes).
    Removing sudoku.o(.ARM.exidx), (8 bytes).
    Removing sudoku.o(.ARM.exidx), (8 bytes).
    Removing sudoku.o(.ARM.exidx), (8 bytes).
    Removing sudoku.o(.ARM.exidx), (8 bytes).
    Removing sudoku.o(.ARM.exidx), (8 bytes).
    Removing sudoku.o(.ARM.exidx), (8 bytes).
    Removing sudoku.o(.ARM.exidx), (8 bytes).
    Removing sudoku.o(.ARM.exidx), (8 bytes).
    Removing sudoku.o(.ARM.exidx), (8 bytes).
    Removing sudoku.o(.ARM.exidx), (8 bytes).
    Removing sudoku.o(.ARM.exidx), (8 bytes).
    Removing sudoku.o(.ARM.exidx), (8 bytes).
    Removing sudoku.o(.ARM.exidx), (8 bytes).
    Removing sudoku.o(.ARM.exidx), (8 bytes).
    Removing sudoku.o(.ARM.exidx), (8 bytes).
    Removing sudoku.o(.ARM.exidx), (8 bytes).
    Removing sudoku.o(.ARM.exidx), (8 bytes).
    Removing sudoku.o(.ARM.exidx), (8 bytes).
    Removing sudoku.o(.ARM.exidx), (8 bytes).
    Removing sudoku.o(.ARM.exidx), (8 bytes).
    Removing sudoku.o(.ARM.exidx), (8 bytes).
    Removing sudoku.o(.ARM.exidx), (8 bytes).
    Removing sudoku.o(.ARM.exidx), (8 bytes).
    Removing sudoku.o(.ARM.exidx), (8 bytes).
    Removing sudoku.o(.ARM.exidx), (8 bytes).
    Removing sudoku.o(.ARM.exidx), (8 bytes).
    Removing sudoku.o(.ARM.exidx), (8 bytes).
    Removing sudoku.o(.ARM.exidx), (8 bytes).
    Removing sudoku.o(.ARM.exidx), (8 bytes).
    Removing sudoku.o(.ARM.exidx), (8 bytes).
    Removing sudoku.o(.ARM.exidx), (8 bytes).
    Removing sudoku.o(.ARM.exidx), (8 bytes).
    Removing sudoku.o(.ARM.exidx), (8 bytes).
    Removing sudoku.o(.ARM.exidx), (8 bytes).
    Removing sudoku.o(.ARM.exidx), (8 bytes).
    Removing sudoku.o(.ARM.exidx), (8 bytes).
    Removing sudoku.o(.ARM.exidx), (8 bytes).
    Removing sudoku.o(.ARM.exidx), (8 bytes).
    Removing sudoku.o(.ARM.exidx), (8 bytes).
    Removing sudoku.o(.ARM.exidx), (8 bytes).
    Removing sudoku.o(.ARM.exidx), (8 bytes).
    Removing sudoku.o(.ARM.exidx), (8 bytes).
    Removing sudoku.o(.ARM.exidx), (8 bytes).
    Removing sudoku.o(.ARM.exidx), (8 bytes).
    Removing sudoku.o(.ARM.exidx), (8 bytes).
    Removing sudoku.o(.ARM.exidx), (8 bytes).
    Removing sudoku.o(.ARM.exidx), (8 bytes).
    Removing sudoku.o(.ARM.exidx), (8 bytes).
    Removing sudoku.o(.ARM.exidx), (8 bytes).
    Removing sudoku.o(.ARM.exidx), (8 bytes).
    Removing sudoku.o(.ARM.exidx), (8 bytes).
    Removing sudoku.o(.ARM.exidx), (8 bytes).
    Removing sudoku.o(.ARM.exidx), (8 bytes).
    Removing main.o(.ARM.exidx), (8 bytes).

662 unused section(s) (total 19320 bytes) removed from the image.

==============================================================================

Image Symbol Table

    Local Symbols

    Symbol Name                              Value     Ov Type        Size  Object(Section)

    ../../../edgfe/lib_src/dtor_list.c       0x00000000   Number         0  aeabi_atexit.o ABSOLUTE
    ../../../edgfe/lib_src/dtor_list.c       0x00000000   Number         0  cxa_finalize.o ABSOLUTE
    ../../array_helpers.cpp                  0x00000000   Number         0  aeabi_vec_ctor_nocookie_nodtor.o ABSOLUTE
    ../clib/../cmprslib/lz77c.c              0x00000000   Number         0  __dclz77c.o ABSOLUTE
    ../clib/microlib/cpp/cpp_dtor.c          0x00000000   Number         0  cpp_dtor.o ABSOLUTE
    ../clib/microlib/cpp/cpp_final.c         0x00000000   Number         0  cpp_final.o ABSOLUTE
    ../clib/microlib/cpp/cpp_init.c          0x00000000   Number         0  cpp_init.o ABSOLUTE
    ../clib/microlib/cpp/cpp_init.c          0x00000000   Number         0  cpp_init.o ABSOLUTE
    ../clib/microlib/cpp/cpp_unwinder.c      0x00000000   Number         0  cpp_unwinder.o ABSOLUTE
    ../clib/microlib/division.c              0x00000000   Number         0  uidiv.o ABSOLUTE
    ../clib/microlib/division.c              0x00000000   Number         0  idiv.o ABSOLUTE
    ../clib/microlib/init/entry.s            0x00000000   Number         0  entry7a.o ABSOLUTE
    ../clib/microlib/init/entry.s            0x00000000   Number         0  entry.o ABSOLUTE
    ../clib/microlib/init/entry.s            0x00000000   Number         0  entry11a.o ABSOLUTE
    ../clib/microlib/init/entry.s            0x00000000   Number         0  entry10a.o ABSOLUTE
    ../clib/microlib/init/entry.s            0x00000000   Number         0  entry8b.o ABSOLUTE
    ../clib/microlib/init/entry.s            0x00000000   Number         0  entry10b.o ABSOLUTE
    ../clib/microlib/init/entry.s            0x00000000   Number         0  entry9a.o ABSOLUTE
    ../clib/microlib/init/entry.s            0x00000000   Number         0  entry11b.o ABSOLUTE
    ../clib/microlib/init/entry.s            0x00000000   Number         0  entry9b.o ABSOLUTE
    ../clib/microlib/init/entry.s            0x00000000   Number         0  entry2.o ABSOLUTE
    ../clib/microlib/init/entry.s            0x00000000   Number         0  entry5.o ABSOLUTE
    ../clib/microlib/init/entry.s            0x00000000   Number         0  entry7b.o ABSOLUTE
    ../clib/microlib/init/entry.s            0x00000000   Number         0  entry8a.o ABSOLUTE
    ../clib/microlib/malloc/malloc.c         0x00000000   Number         0  mallocr.o ABSOLUTE
    ../clib/microlib/malloc/malloc.c         0x00000000   Number         0  malloc.o ABSOLUTE
    ../clib/microlib/malloc/malloc.c         0x00000000   Number         0  mallocra.o ABSOLUTE
    ../clib/microlib/malloc/malloc.c         0x00000000   Number         0  malloca.o ABSOLUTE
    ../clib/microlib/malloc/mvars.c          0x00000000   Number         0  mvars.o ABSOLUTE
    ../clib/microlib/stdlib/rand.c           0x00000000   Number         0  rand.o ABSOLUTE
    ../clib/microlib/string/memcpy.c         0x00000000   Number         0  memcpyb.o ABSOLUTE
    ../clib/microlib/string/memcpy.c         0x00000000   Number         0  memcpya.o ABSOLUTE
    ..\..\..\Libraries\CMSIS\Device\ST\STM32F0xx\Source\Templates\arm\startup_stm32f0xx.s 0x00000000   Number         0  startup_stm32f0xx.o ABSOLUTE
    ..\..\..\Libraries\STM32F0xx_StdPeriph_Driver\src\stm32f0xx_adc.c 0x00000000   Number         0  stm32f0xx_adc.o ABSOLUTE
    ..\..\..\Libraries\STM32F0xx_StdPeriph_Driver\src\stm32f0xx_cec.c 0x00000000   Number         0  stm32f0xx_cec.o ABSOLUTE
    ..\..\..\Libraries\STM32F0xx_StdPeriph_Driver\src\stm32f0xx_comp.c 0x00000000   Number         0  stm32f0xx_comp.o ABSOLUTE
    ..\..\..\Libraries\STM32F0xx_StdPeriph_Driver\src\stm32f0xx_crc.c 0x00000000   Number         0  stm32f0xx_crc.o ABSOLUTE
    ..\..\..\Libraries\STM32F0xx_StdPeriph_Driver\src\stm32f0xx_dac.c 0x00000000   Number         0  stm32f0xx_dac.o ABSOLUTE
    ..\..\..\Libraries\STM32F0xx_StdPeriph_Driver\src\stm32f0xx_dbgmcu.c 0x00000000   Number         0  stm32f0xx_dbgmcu.o ABSOLUTE
    ..\..\..\Libraries\STM32F0xx_StdPeriph_Driver\src\stm32f0xx_dma.c 0x00000000   Number         0  stm32f0xx_dma.o ABSOLUTE
    ..\..\..\Libraries\STM32F0xx_StdPeriph_Driver\src\stm32f0xx_exti.c 0x00000000   Number         0  stm32f0xx_exti.o ABSOLUTE
    ..\..\..\Libraries\STM32F0xx_StdPeriph_Driver\src\stm32f0xx_flash.c 0x00000000   Number         0  stm32f0xx_flash.o ABSOLUTE
    ..\..\..\Libraries\STM32F0xx_StdPeriph_Driver\src\stm32f0xx_gpio.c 0x00000000   Number         0  stm32f0xx_gpio.o ABSOLUTE
    ..\..\..\Libraries\STM32F0xx_StdPeriph_Driver\src\stm32f0xx_i2c.c 0x00000000   Number         0  stm32f0xx_i2c.o ABSOLUTE
    ..\..\..\Libraries\STM32F0xx_StdPeriph_Driver\src\stm32f0xx_iwdg.c 0x00000000   Number         0  stm32f0xx_iwdg.o ABSOLUTE
    ..\..\..\Libraries\STM32F0xx_StdPeriph_Driver\src\stm32f0xx_misc.c 0x00000000   Number         0  stm32f0xx_misc.o ABSOLUTE
    ..\..\..\Libraries\STM32F0xx_StdPeriph_Driver\src\stm32f0xx_pwr.c 0x00000000   Number         0  stm32f0xx_pwr.o ABSOLUTE
    ..\..\..\Libraries\STM32F0xx_StdPeriph_Driver\src\stm32f0xx_rcc.c 0x00000000   Number         0  stm32f0xx_rcc.o ABSOLUTE
    ..\..\..\Libraries\STM32F0xx_StdPeriph_Driver\src\stm32f0xx_rtc.c 0x00000000   Number         0  stm32f0xx_rtc.o ABSOLUTE
    ..\..\..\Libraries\STM32F0xx_StdPeriph_Driver\src\stm32f0xx_spi.c 0x00000000   Number         0  stm32f0xx_spi.o ABSOLUTE
    ..\..\..\Libraries\STM32F0xx_StdPeriph_Driver\src\stm32f0xx_syscfg.c 0x00000000   Number         0  stm32f0xx_syscfg.o ABSOLUTE
    ..\..\..\Libraries\STM32F0xx_StdPeriph_Driver\src\stm32f0xx_tim.c 0x00000000   Number         0  stm32f0xx_tim.o ABSOLUTE
    ..\..\..\Libraries\STM32F0xx_StdPeriph_Driver\src\stm32f0xx_usart.c 0x00000000   Number         0  stm32f0xx_usart.o ABSOLUTE
    ..\..\..\Libraries\STM32F0xx_StdPeriph_Driver\src\stm32f0xx_wwdg.c 0x00000000   Number         0  stm32f0xx_wwdg.o ABSOLUTE
    ..\\..\\..\\Libraries\\STM32F0xx_StdPeriph_Driver\\src\\stm32f0xx_adc.c 0x00000000   Number         0  stm32f0xx_adc.o ABSOLUTE
    ..\\..\\..\\Libraries\\STM32F0xx_StdPeriph_Driver\\src\\stm32f0xx_cec.c 0x00000000   Number         0  stm32f0xx_cec.o ABSOLUTE
    ..\\..\\..\\Libraries\\STM32F0xx_StdPeriph_Driver\\src\\stm32f0xx_comp.c 0x00000000   Number         0  stm32f0xx_comp.o ABSOLUTE
    ..\\..\\..\\Libraries\\STM32F0xx_StdPeriph_Driver\\src\\stm32f0xx_crc.c 0x00000000   Number         0  stm32f0xx_crc.o ABSOLUTE
    ..\\..\\..\\Libraries\\STM32F0xx_StdPeriph_Driver\\src\\stm32f0xx_dac.c 0x00000000   Number         0  stm32f0xx_dac.o ABSOLUTE
    ..\\..\\..\\Libraries\\STM32F0xx_StdPeriph_Driver\\src\\stm32f0xx_dbgmcu.c 0x00000000   Number         0  stm32f0xx_dbgmcu.o ABSOLUTE
    ..\\..\\..\\Libraries\\STM32F0xx_StdPeriph_Driver\\src\\stm32f0xx_dma.c 0x00000000   Number         0  stm32f0xx_dma.o ABSOLUTE
    ..\\..\\..\\Libraries\\STM32F0xx_StdPeriph_Driver\\src\\stm32f0xx_exti.c 0x00000000   Number         0  stm32f0xx_exti.o ABSOLUTE
    ..\\..\\..\\Libraries\\STM32F0xx_StdPeriph_Driver\\src\\stm32f0xx_flash.c 0x00000000   Number         0  stm32f0xx_flash.o ABSOLUTE
    ..\\..\\..\\Libraries\\STM32F0xx_StdPeriph_Driver\\src\\stm32f0xx_gpio.c 0x00000000   Number         0  stm32f0xx_gpio.o ABSOLUTE
    ..\\..\\..\\Libraries\\STM32F0xx_StdPeriph_Driver\\src\\stm32f0xx_i2c.c 0x00000000   Number         0  stm32f0xx_i2c.o ABSOLUTE
    ..\\..\\..\\Libraries\\STM32F0xx_StdPeriph_Driver\\src\\stm32f0xx_iwdg.c 0x00000000   Number         0  stm32f0xx_iwdg.o ABSOLUTE
    ..\\..\\..\\Libraries\\STM32F0xx_StdPeriph_Driver\\src\\stm32f0xx_misc.c 0x00000000   Number         0  stm32f0xx_misc.o ABSOLUTE
    ..\\..\\..\\Libraries\\STM32F0xx_StdPeriph_Driver\\src\\stm32f0xx_pwr.c 0x00000000   Number         0  stm32f0xx_pwr.o ABSOLUTE
    ..\\..\\..\\Libraries\\STM32F0xx_StdPeriph_Driver\\src\\stm32f0xx_rcc.c 0x00000000   Number         0  stm32f0xx_rcc.o ABSOLUTE
    ..\\..\\..\\Libraries\\STM32F0xx_StdPeriph_Driver\\src\\stm32f0xx_rtc.c 0x00000000   Number         0  stm32f0xx_rtc.o ABSOLUTE
    ..\\..\\..\\Libraries\\STM32F0xx_StdPeriph_Driver\\src\\stm32f0xx_spi.c 0x00000000   Number         0  stm32f0xx_spi.o ABSOLUTE
    ..\\..\\..\\Libraries\\STM32F0xx_StdPeriph_Driver\\src\\stm32f0xx_syscfg.c 0x00000000   Number         0  stm32f0xx_syscfg.o ABSOLUTE
    ..\\..\\..\\Libraries\\STM32F0xx_StdPeriph_Driver\\src\\stm32f0xx_tim.c 0x00000000   Number         0  stm32f0xx_tim.o ABSOLUTE
    ..\\..\\..\\Libraries\\STM32F0xx_StdPeriph_Driver\\src\\stm32f0xx_usart.c 0x00000000   Number         0  stm32f0xx_usart.o ABSOLUTE
    ..\\..\\..\\Libraries\\STM32F0xx_StdPeriph_Driver\\src\\stm32f0xx_wwdg.c 0x00000000   Number         0  stm32f0xx_wwdg.o ABSOLUTE
    ..\\main.cpp                             0x00000000   Number         0  main.o ABSOLUTE
    ..\\stm32f0xx_it.c                       0x00000000   Number         0  stm32f0xx_it.o ABSOLUTE
    ..\\system_stm32f0xx.c                   0x00000000   Number         0  system_stm32f0xx.o ABSOLUTE
    ..\main.cpp                              0x00000000   Number         0  main.o ABSOLUTE
    ..\stm32f0xx_it.c                        0x00000000   Number         0  stm32f0xx_it.o ABSOLUTE
    ..\system_stm32f0xx.c                    0x00000000   Number         0  system_stm32f0xx.o ABSOLUTE
    Generator.cpp                            0x00000000   Number         0  generator.o ABSOLUTE
    Printer.cpp                              0x00000000   Number         0  printer.o ABSOLUTE
    Printer.cpp                              0x00000000   Number         0  printer.o ABSOLUTE
    dc.s                                     0x00000000   Number         0  dc.o ABSOLUTE
    font.cpp                                 0x00000000   Number         0  font.o ABSOLUTE
    font.cpp                                 0x00000000   Number         0  font.o ABSOLUTE
    handlers.s                               0x00000000   Number         0  handlers.o ABSOLUTE
    init.s                                   0x00000000   Number         0  init.o ABSOLUTE
    sudoku.cpp                               0x00000000   Number         0  sudoku.o ABSOLUTE
    sudoku.cpp                               0x00000000   Number         0  sudoku.o ABSOLUTE
    RESET                                    0x08000000   Section      192  startup_stm32f0xx.o(RESET)
    .ARM.Collect$$$$00000000                 0x080000c0   Section        0  entry.o(.ARM.Collect$$$$00000000)
    .ARM.Collect$$$$00000001                 0x080000c0   Section        4  entry2.o(.ARM.Collect$$$$00000001)
    .ARM.Collect$$$$00000004                 0x080000c4   Section        4  entry5.o(.ARM.Collect$$$$00000004)
    .ARM.Collect$$$$00000008                 0x080000c8   Section        0  entry7b.o(.ARM.Collect$$$$00000008)
    .ARM.Collect$$$$00000009                 0x080000c8   Section        4  entry8a.o(.ARM.Collect$$$$00000009)
    .ARM.Collect$$$$0000000A                 0x080000cc   Section        0  entry8b.o(.ARM.Collect$$$$0000000A)
    .ARM.Collect$$$$0000000B                 0x080000cc   Section        8  entry9a.o(.ARM.Collect$$$$0000000B)
    .ARM.Collect$$$$0000000D                 0x080000d4   Section        0  entry10a.o(.ARM.Collect$$$$0000000D)
    .ARM.Collect$$$$0000000F                 0x080000d4   Section        0  entry11a.o(.ARM.Collect$$$$0000000F)
    .ARM.Collect$$$$00002712                 0x080000d4   Section        4  entry2.o(.ARM.Collect$$$$00002712)
    __lit__00000000                          0x080000d4   Data           4  entry2.o(.ARM.Collect$$$$00002712)
    .text                                    0x080000d8   Section       28  startup_stm32f0xx.o(.text)
    .text                                    0x080000f4   Section        0  uidiv.o(.text)
    .text                                    0x08000120   Section        0  idiv.o(.text)
    .text                                    0x08000148   Section        0  memcpya.o(.text)
    .text                                    0x0800016c   Section        0  cpp_init.o(.text)
    .text                                    0x0800018c   Section        0  cpp_dtor.o(.text)
    .text                                    0x08000194   Section        0  cpp_final.o(.text)
    .text                                    0x08000198   Section       36  init.o(.text)
    .text                                    0x080001bc   Section        0  __dclz77c.o(.text)
    i.GPIO_Init                              0x0800021a   Section        0  stm32f0xx_gpio.o(i.GPIO_Init)
    i.GPIO_PinAFConfig                       0x0800028a   Section        0  stm32f0xx_gpio.o(i.GPIO_PinAFConfig)
    i.GPIO_ResetBits                         0x080002aa   Section        0  stm32f0xx_gpio.o(i.GPIO_ResetBits)
    i.GPIO_SetBits                           0x080002ae   Section        0  stm32f0xx_gpio.o(i.GPIO_SetBits)
    i.HardFault_Handler                      0x080002b2   Section        0  stm32f0xx_it.o(i.HardFault_Handler)
    i.NMI_Handler                            0x080002b4   Section        0  stm32f0xx_it.o(i.NMI_Handler)
    i.PendSV_Handler                         0x080002b6   Section        0  stm32f0xx_it.o(i.PendSV_Handler)
    i.RCC_AHBPeriphClockCmd                  0x080002b8   Section        0  stm32f0xx_rcc.o(i.RCC_AHBPeriphClockCmd)
    i.RCC_APB2PeriphClockCmd                 0x080002d0   Section        0  stm32f0xx_rcc.o(i.RCC_APB2PeriphClockCmd)
    i.SPI_Cmd                                0x080002e8   Section        0  stm32f0xx_spi.o(i.SPI_Cmd)
    i.SPI_I2S_GetFlagStatus                  0x080002fa   Section        0  stm32f0xx_spi.o(i.SPI_I2S_GetFlagStatus)
    i.SPI_Init                               0x08000308   Section        0  stm32f0xx_spi.o(i.SPI_Init)
    i.SPI_SendData8                          0x0800035c   Section        0  stm32f0xx_spi.o(i.SPI_SendData8)
    i.SVC_Handler                            0x08000360   Section        0  stm32f0xx_it.o(i.SVC_Handler)
    i.SetSysClock                            0x08000364   Section        0  system_stm32f0xx.o(i.SetSysClock)
    SetSysClock                              0x08000365   Thumb Code   142  system_stm32f0xx.o(i.SetSysClock)
    i.SysTick_Handler                        0x080003fc   Section        0  stm32f0xx_it.o(i.SysTick_Handler)
    i.SystemCoreClockUpdate                  0x0800040c   Section        0  system_stm32f0xx.o(i.SystemCoreClockUpdate)
    i.SystemInit                             0x08000478   Section        0  system_stm32f0xx.o(i.SystemInit)
    i._Z10print_linePhh                      0x080004d8   Section        0  main.o(i._Z10print_linePhh)
    i._Z12cellToColumni                      0x080005e8   Section        0  sudoku.o(i._Z12cellToColumni)
    cellToColumn(int)                        0x080005e9   Thumb Code    12  sudoku.o(i._Z12cellToColumni)
    i._Z14SysTick_Configj                    0x080005f4   Section        0  main.o(i._Z14SysTick_Configj)
    SysTick_Config(unsigned)                 0x080005f5   Thumb Code    42  main.o(i._Z14SysTick_Configj)
    i._Z19getPossibilityIndexii              0x0800062c   Section        0  sudoku.o(i._Z19getPossibilityIndexii)
    getPossibilityIndex(int, int)            0x0800062d   Thumb Code     8  sudoku.o(i._Z19getPossibilityIndexii)
    i._Z19print_sudoku_puzzle5Board          0x08000634   Section        0  main.o(i._Z19print_sudoku_puzzle5Board)
    i._Z22cellToSectionStartCelli            0x0800075a   Section        0  sudoku.o(i._Z22cellToSectionStartCelli)
    cellToSectionStartCell(int)              0x0800075b   Thumb Code    36  sudoku.o(i._Z22cellToSectionStartCelli)
    i._Z6LED_Onv                             0x08000780   Section        0  main.o(i._Z6LED_Onv)
    i._Z7LED_Offv                            0x08000794   Section        0  main.o(i._Z7LED_Offv)
    i._Z8LED_Confv                           0x080007a8   Section        0  main.o(i._Z8LED_Confv)
    i._Z8RCC_Confv                           0x080007d8   Section        0  main.o(i._Z8RCC_Confv)
    i._Z8delay_usj                           0x080007fc   Section        0  main.o(i._Z8delay_usj)
    i._Z9cellToRowi                          0x08000820   Section        0  sudoku.o(i._Z9cellToRowi)
    cellToRow(int)                           0x08000821   Thumb Code    10  sudoku.o(i._Z9cellToRowi)
    i._ZN11SudokuBoard11clearPuzzleEv        0x0800082a   Section        0  sudoku.o(i._ZN11SudokuBoard11clearPuzzleEv)
    i._ZN11SudokuBoard4markEiii              0x08000840   Section        0  sudoku.o(i._ZN11SudokuBoard4markEiii)
    i._ZN11SudokuBoard5resetEv               0x0800090c   Section        0  sudoku.o(i._ZN11SudokuBoard5resetEv)
    i._ZN11SudokuBoardC1Ev                   0x080009b8   Section        0  sudoku.o(i._ZN11SudokuBoardC1Ev)
    i._ZN11SudokuBoardD1Ev                   0x08000a30   Section        0  sudoku.o(i._ZN11SudokuBoardD1Ev)
    i._ZN5FieldC1Ev                          0x08000a3c   Section        0  main.o(i._ZN5FieldC1Ev)
    i._ZN8Printer_11strobe_lineEv            0x08000a42   Section        0  printer.o(i._ZN8Printer_11strobe_lineEv)
    i._ZN8Printer_4initEv                    0x08000a60   Section        0  printer.o(i._ZN8Printer_4initEv)
    i._ZN8Printer_5latchE15FunctionalState   0x08000b2c   Section        0  printer.o(i._ZN8Printer_5latchE15FunctionalState)
    i._ZN8Printer_6strobeEh                  0x08000b4c   Section        0  printer.o(i._ZN8Printer_6strobeEh)
    i._ZN8Printer_9load_lineEPh              0x08000b9c   Section        0  printer.o(i._ZN8Printer_9load_lineEPh)
    i._ZN8Printer_9next_lineEh               0x08000bc6   Section        0  printer.o(i._ZN8Printer_9next_lineEh)
    i._ZN8Printer_9next_lineEv               0x08000be0   Section        0  printer.o(i._ZN8Printer_9next_lineEv)
    i._ZN8Printer_9prev_lineEv               0x08000c50   Section        0  printer.o(i._ZN8Printer_9prev_lineEv)
    i._ZN8Printer_9send_byteEh               0x08000cc0   Section        0  printer.o(i._ZN8Printer_9send_byteEh)
    i.__aeabi_atexit                         0x08000ce4   Section        0  aeabi_atexit.o(i.__aeabi_atexit)
    i.__aeabi_vec_ctor_nocookie_nodtor       0x08000d10   Section        0  aeabi_vec_ctor_nocookie_nodtor.o(i.__aeabi_vec_ctor_nocookie_nodtor)
    i.__cxa_finalize                         0x08000d30   Section        0  cxa_finalize.o(i.__cxa_finalize)
    i.__scatterload_copy                     0x08000d72   Section       14  handlers.o(i.__scatterload_copy)
    i.__scatterload_null                     0x08000d80   Section        2  handlers.o(i.__scatterload_null)
    i.__scatterload_zeroinit                 0x08000d82   Section       14  handlers.o(i.__scatterload_zeroinit)
    i.__sti___11_Printer_cpp                 0x08000d90   Section        0  printer.o(i.__sti___11_Printer_cpp)
    __sti___11_Printer_cpp                   0x08000d91   Thumb Code     8  printer.o(i.__sti___11_Printer_cpp)
    i.__sti___8_main_cpp                     0x08000d9c   Section        0  main.o(i.__sti___8_main_cpp)
    __sti___8_main_cpp                       0x08000d9d   Thumb Code    18  main.o(i.__sti___8_main_cpp)
    i.free                                   0x08000dbc   Section        0  malloc.o(i.free)
    i.main                                   0x08000e10   Section        0  main.o(i.main)
    i.malloc                                 0x08000f08   Section        0  malloc.o(i.malloc)
    .constdata                               0x08000f74   Section       17  main.o(.constdata)
    thick_line_positions                     0x08000f74   Data           2  main.o(.constdata)
    thin_line_positions                      0x08000f76   Data           6  main.o(.constdata)
    char_positions                           0x08000f7c   Data           9  main.o(.constdata)
    .constdata                               0x08000f85   Section     2400  font.o(.constdata)
    .constdata                               0x080018e8   Section      120  font.o(.constdata)
    .init_array                              0x08001980   Section        4  main.o(.init_array)
    .init_array                              0x08001984   Section        4  printer.o(.init_array)
    .data                                    0x20000000   Section       20  system_stm32f0xx.o(.data)
    .data                                    0x20000014   Section      814  main.o(.data)
    .data                                    0x20000342   Section        1  printer.o(.data)
    .data                                    0x20000344   Section       20  font.o(.data)
    .data                                    0x20000358   Section        4  cpp_dtor.o(.data)
    ddtor_pointer                            0x20000358   Data           4  cpp_dtor.o(.data)
    .data                                    0x2000035c   Section        4  mvars.o(.data)
    .data                                    0x20000360   Section        4  mvars.o(.data)
    .bss                                     0x20000364   Section      740  main.o(.bss)
    .bss                                     0x20000648   Section     1307  sudoku.o(.bss)
    HEAP                                     0x20000b68   Section      512  startup_stm32f0xx.o(HEAP)
    STACK                                    0x20000d68   Section     1024  startup_stm32f0xx.o(STACK)

    Global Symbols

    Symbol Name                              Value     Ov Type        Size  Object(Section)

    BuildAttributes$$THM_ISAv3M$S$PE$A:L22$X:L11$S22$IEEE1$IW$USESV6$~STKCKD$USESV7$~SHL$OSPACE$EBA8$UX$MICROLIB$REQ8$PRES8$EABIv2 0x00000000   Number         0  anon$$obj.o ABSOLUTE
    __ARM_use_no_argv                        0x00000000   Number         0  main.o ABSOLUTE
    _clock_init                               - Undefined Weak Reference
    _microlib_exit                            - Undefined Weak Reference
    __Vectors_Size                           0x000000c0   Number         0  startup_stm32f0xx.o ABSOLUTE
    __Vectors                                0x08000000   Data           4  startup_stm32f0xx.o(RESET)
    __dso_handle                             0x08000000   Number         0  startup_stm32f0xx.o(RESET)
    __Vectors_End                            0x080000c0   Data           0  startup_stm32f0xx.o(RESET)
    __main                                   0x080000c1   Thumb Code     0  entry.o(.ARM.Collect$$$$00000000)
    _main_stk                                0x080000c1   Thumb Code     0  entry2.o(.ARM.Collect$$$$00000001)
    _main_scatterload                        0x080000c5   Thumb Code     0  entry5.o(.ARM.Collect$$$$00000004)
    __main_after_scatterload                 0x080000c9   Thumb Code     0  entry5.o(.ARM.Collect$$$$00000004)
    _main_clock                              0x080000c9   Thumb Code     0  entry7b.o(.ARM.Collect$$$$00000008)
    _main_cpp_init$empty                     0x080000c9   Thumb Code     0  entry8a.o(.ARM.Collect$$$$00000009)
    _main_cpp_init                           0x080000cd   Thumb Code     0  entry8b.o(.ARM.Collect$$$$0000000A)
    _main_init                               0x080000cd   Thumb Code     0  entry9a.o(.ARM.Collect$$$$0000000B)
    __rt_final_cpp                           0x080000d5   Thumb Code     0  entry10a.o(.ARM.Collect$$$$0000000D)
    __rt_final_exit                          0x080000d5   Thumb Code     0  entry11a.o(.ARM.Collect$$$$0000000F)
    Reset_Handler                            0x080000d9   Thumb Code     8  startup_stm32f0xx.o(.text)
    ADC1_COMP_IRQHandler                     0x080000eb   Thumb Code     0  startup_stm32f0xx.o(.text)
    CEC_IRQHandler                           0x080000eb   Thumb Code     0  startup_stm32f0xx.o(.text)
    DMA1_Channel1_IRQHandler                 0x080000eb   Thumb Code     0  startup_stm32f0xx.o(.text)
    DMA1_Channel2_3_IRQHandler               0x080000eb   Thumb Code     0  startup_stm32f0xx.o(.text)
    DMA1_Channel4_5_IRQHandler               0x080000eb   Thumb Code     0  startup_stm32f0xx.o(.text)
    EXTI0_1_IRQHandler                       0x080000eb   Thumb Code     0  startup_stm32f0xx.o(.text)
    EXTI2_3_IRQHandler                       0x080000eb   Thumb Code     0  startup_stm32f0xx.o(.text)
    EXTI4_15_IRQHandler                      0x080000eb   Thumb Code     0  startup_stm32f0xx.o(.text)
    FLASH_IRQHandler                         0x080000eb   Thumb Code     0  startup_stm32f0xx.o(.text)
    I2C1_IRQHandler                          0x080000eb   Thumb Code     0  startup_stm32f0xx.o(.text)
    I2C2_IRQHandler                          0x080000eb   Thumb Code     0  startup_stm32f0xx.o(.text)
    PVD_IRQHandler                           0x080000eb   Thumb Code     0  startup_stm32f0xx.o(.text)
    RCC_IRQHandler                           0x080000eb   Thumb Code     0  startup_stm32f0xx.o(.text)
    RTC_IRQHandler                           0x080000eb   Thumb Code     0  startup_stm32f0xx.o(.text)
    SPI1_IRQHandler                          0x080000eb   Thumb Code     0  startup_stm32f0xx.o(.text)
    SPI2_IRQHandler                          0x080000eb   Thumb Code     0  startup_stm32f0xx.o(.text)
    TIM14_IRQHandler                         0x080000eb   Thumb Code     0  startup_stm32f0xx.o(.text)
    TIM15_IRQHandler                         0x080000eb   Thumb Code     0  startup_stm32f0xx.o(.text)
    TIM16_IRQHandler                         0x080000eb   Thumb Code     0  startup_stm32f0xx.o(.text)
    TIM17_IRQHandler                         0x080000eb   Thumb Code     0  startup_stm32f0xx.o(.text)
    TIM1_BRK_UP_TRG_COM_IRQHandler           0x080000eb   Thumb Code     0  startup_stm32f0xx.o(.text)
    TIM1_CC_IRQHandler                       0x080000eb   Thumb Code     0  startup_stm32f0xx.o(.text)
    TIM2_IRQHandler                          0x080000eb   Thumb Code     0  startup_stm32f0xx.o(.text)
    TIM3_IRQHandler                          0x080000eb   Thumb Code     0  startup_stm32f0xx.o(.text)
    TIM6_DAC_IRQHandler                      0x080000eb   Thumb Code     0  startup_stm32f0xx.o(.text)
    TS_IRQHandler                            0x080000eb   Thumb Code     0  startup_stm32f0xx.o(.text)
    USART1_IRQHandler                        0x080000eb   Thumb Code     0  startup_stm32f0xx.o(.text)
    USART2_IRQHandler                        0x080000eb   Thumb Code     0  startup_stm32f0xx.o(.text)
    WWDG_IRQHandler                          0x080000eb   Thumb Code     0  startup_stm32f0xx.o(.text)
    __aeabi_uidiv                            0x080000f5   Thumb Code     0  uidiv.o(.text)
    __aeabi_uidivmod                         0x080000f5   Thumb Code    44  uidiv.o(.text)
    __aeabi_idiv                             0x08000121   Thumb Code     0  idiv.o(.text)
    __aeabi_idivmod                          0x08000121   Thumb Code    40  idiv.o(.text)
    __aeabi_memcpy                           0x08000149   Thumb Code    36  memcpya.o(.text)
    __aeabi_memcpy4                          0x08000149   Thumb Code     0  memcpya.o(.text)
    __aeabi_memcpy8                          0x08000149   Thumb Code     0  memcpya.o(.text)
    __cpp_initialize__aeabi_                 0x0800016d   Thumb Code    22  cpp_init.o(.text)
    __rt_ddtor_pointer_addr                  0x0800018d   Thumb Code     4  cpp_dtor.o(.text)
    __rt_lib_shutdown_cpp_1                  0x08000195   Thumb Code     2  cpp_final.o(.text)
    __scatterload                            0x08000199   Thumb Code    28  init.o(.text)
    __scatterload_rt2                        0x08000199   Thumb Code     0  init.o(.text)
    __decompress                             0x080001bd   Thumb Code     0  __dclz77c.o(.text)
    __decompress2                            0x080001bd   Thumb Code    94  __dclz77c.o(.text)
    GPIO_Init                                0x0800021b   Thumb Code   112  stm32f0xx_gpio.o(i.GPIO_Init)
    GPIO_PinAFConfig                         0x0800028b   Thumb Code    32  stm32f0xx_gpio.o(i.GPIO_PinAFConfig)
    GPIO_ResetBits                           0x080002ab   Thumb Code     4  stm32f0xx_gpio.o(i.GPIO_ResetBits)
    GPIO_SetBits                             0x080002af   Thumb Code     4  stm32f0xx_gpio.o(i.GPIO_SetBits)
    HardFault_Handler                        0x080002b3   Thumb Code     2  stm32f0xx_it.o(i.HardFault_Handler)
    NMI_Handler                              0x080002b5   Thumb Code     2  stm32f0xx_it.o(i.NMI_Handler)
    PendSV_Handler                           0x080002b7   Thumb Code     2  stm32f0xx_it.o(i.PendSV_Handler)
    RCC_AHBPeriphClockCmd                    0x080002b9   Thumb Code    18  stm32f0xx_rcc.o(i.RCC_AHBPeriphClockCmd)
    RCC_APB2PeriphClockCmd                   0x080002d1   Thumb Code    18  stm32f0xx_rcc.o(i.RCC_APB2PeriphClockCmd)
    SPI_Cmd                                  0x080002e9   Thumb Code    18  stm32f0xx_spi.o(i.SPI_Cmd)
    SPI_I2S_GetFlagStatus                    0x080002fb   Thumb Code    14  stm32f0xx_spi.o(i.SPI_I2S_GetFlagStatus)
    SPI_Init                                 0x08000309   Thumb Code    74  stm32f0xx_spi.o(i.SPI_Init)
    SPI_SendData8                            0x0800035d   Thumb Code     4  stm32f0xx_spi.o(i.SPI_SendData8)
    SVC_Handler                              0x08000361   Thumb Code     2  stm32f0xx_it.o(i.SVC_Handler)
    SysTick_Handler                          0x080003fd   Thumb Code    10  stm32f0xx_it.o(i.SysTick_Handler)
    SystemCoreClockUpdate                    0x0800040d   Thumb Code    90  system_stm32f0xx.o(i.SystemCoreClockUpdate)
    SystemInit                               0x08000479   Thumb Code    84  system_stm32f0xx.o(i.SystemInit)
    print_line(unsigned char*, unsigned char) 0x080004d9   Thumb Code   254  main.o(i._Z10print_linePhh)
    print_sudoku_puzzle(Board)               0x08000635   Thumb Code   294  main.o(i._Z19print_sudoku_puzzle5Board)
    LED_On()                                 0x08000781   Thumb Code    14  main.o(i._Z6LED_Onv)
    LED_Off()                                0x08000795   Thumb Code    14  main.o(i._Z7LED_Offv)
    LED_Conf()                               0x080007a9   Thumb Code    44  main.o(i._Z8LED_Confv)
    RCC_Conf()                               0x080007d9   Thumb Code    36  main.o(i._Z8RCC_Confv)
    delay_us(unsigned)                       0x080007fd   Thumb Code    26  main.o(i._Z8delay_usj)
    SudokuBoard::clearPuzzle()               0x0800082b   Thumb Code    22  sudoku.o(i._ZN11SudokuBoard11clearPuzzleEv)
    SudokuBoard::mark(int, int, int)         0x08000841   Thumb Code   202  sudoku.o(i._ZN11SudokuBoard4markEiii)
    SudokuBoard::reset()                     0x0800090d   Thumb Code   164  sudoku.o(i._ZN11SudokuBoard5resetEv)
    SudokuBoard::SudokuBoard()               0x080009b9   Thumb Code   104  sudoku.o(i._ZN11SudokuBoardC1Ev)
    SudokuBoard::SudokuBoard__sub_object()   0x080009b9   Thumb Code     0  sudoku.o(i._ZN11SudokuBoardC1Ev)
    SudokuBoard::~SudokuBoard()              0x08000a31   Thumb Code    12  sudoku.o(i._ZN11SudokuBoardD1Ev)
    SudokuBoard::~SudokuBoard__sub_object()  0x08000a31   Thumb Code     0  sudoku.o(i._ZN11SudokuBoardD1Ev)
    Field::Field()                           0x08000a3d   Thumb Code     6  main.o(i._ZN5FieldC1Ev)
    Field::Field__sub_object()               0x08000a3d   Thumb Code     0  main.o(i._ZN5FieldC1Ev)
    Printer_::strobe_line()                  0x08000a43   Thumb Code    28  printer.o(i._ZN8Printer_11strobe_lineEv)
    Printer_::init()                         0x08000a61   Thumb Code   190  printer.o(i._ZN8Printer_4initEv)
    Printer_::latch(FunctionalState)         0x08000b2d   Thumb Code    26  printer.o(i._ZN8Printer_5latchE15FunctionalState)
    Printer_::strobe(unsigned char)          0x08000b4d   Thumb Code    72  printer.o(i._ZN8Printer_6strobeEh)
    Printer_::load_line(unsigned char*)      0x08000b9d   Thumb Code    42  printer.o(i._ZN8Printer_9load_lineEPh)
    Printer_::next_line(unsigned char)       0x08000bc7   Thumb Code    26  printer.o(i._ZN8Printer_9next_lineEh)
    Printer_::next_line()                    0x08000be1   Thumb Code   106  printer.o(i._ZN8Printer_9next_lineEv)
    Printer_::prev_line()                    0x08000c51   Thumb Code   106  printer.o(i._ZN8Printer_9prev_lineEv)
    Printer_::send_byte(unsigned char)       0x08000cc1   Thumb Code    30  printer.o(i._ZN8Printer_9send_byteEh)
    __aeabi_atexit                           0x08000ce5   Thumb Code    44  aeabi_atexit.o(i.__aeabi_atexit)
    __aeabi_vec_ctor_nocookie_nodtor         0x08000d11   Thumb Code    32  aeabi_vec_ctor_nocookie_nodtor.o(i.__aeabi_vec_ctor_nocookie_nodtor)
    __cxa_finalize                           0x08000d31   Thumb Code    66  cxa_finalize.o(i.__cxa_finalize)
    __scatterload_copy                       0x08000d73   Thumb Code    14  handlers.o(i.__scatterload_copy)
    __scatterload_null                       0x08000d81   Thumb Code     2  handlers.o(i.__scatterload_null)
    __scatterload_zeroinit                   0x08000d83   Thumb Code    14  handlers.o(i.__scatterload_zeroinit)
    free                                     0x08000dbd   Thumb Code    80  malloc.o(i.free)
    main                                     0x08000e11   Thumb Code   220  main.o(i.main)
    malloc                                   0x08000f09   Thumb Code    92  malloc.o(i.malloc)
    Font                                     0x08000f85   Data        2400  font.o(.constdata)
    comicSansMS_44ptDescriptors              0x080018e8   Data         120  font.o(.constdata)
    Region$$Table$$Base                      0x08001960   Number         0  anon$$obj.o(Region$$Table)
    Region$$Table$$Limit                     0x08001980   Number         0  anon$$obj.o(Region$$Table)
    SHT$$INIT_ARRAY$$Base                    0x08001980   Number         0  main.o(.init_array)
    SHT$$INIT_ARRAY$$Limit                   0x08001988   Number         0  printer.o(.init_array)
    SystemCoreClock                          0x20000000   Data           4  system_stm32f0xx.o(.data)
    AHBPrescTable                            0x20000004   Data          16  system_stm32f0xx.o(.data)
    systick_nr                               0x20000014   Data           4  main.o(.data)
    T1                                       0x20000018   Data         810  main.o(.data)
    Printer                                  0x20000342   Data           1  printer.o(.data)
    FontInfo                                 0x20000344   Data          20  font.o(.data)
    __microlib_freelist                      0x2000035c   Data           4  mvars.o(.data)
    __microlib_freelist_initialised          0x20000360   Data           4  mvars.o(.data)
    line                                     0x20000364   Data          60  main.o(.bss)
    SudokuObject                             0x200003a0   Data         680  main.o(.bss)
    TAB_A                                    0x20000648   Data          81  sudoku.o(.bss)
    TAB_B                                    0x20000699   Data          81  sudoku.o(.bss)
    TAB_C                                    0x200006ec   Data         324  sudoku.o(.bss)
    TAB_D                                    0x20000830   Data         729  sudoku.o(.bss)
    TAB_E                                    0x20000b09   Data          81  sudoku.o(.bss)
    TAB_F                                    0x20000b5a   Data           9  sudoku.o(.bss)
    __heap_base                              0x20000b68   Data           0  startup_stm32f0xx.o(HEAP)
    __heap_limit                             0x20000d68   Data           0  startup_stm32f0xx.o(HEAP)
    __initial_sp                             0x20001168   Data           0  startup_stm32f0xx.o(STACK)



==============================================================================

Memory Map of the image

  Image Entry point : 0x080000c1

  Load Region LR_IROM1 (Base: 0x08000000, Size: 0x00001cec, Max: 0x00010000, ABSOLUTE, COMPRESSED[0x00001cc4])

    Execution Region ER_IROM1 (Base: 0x08000000, Size: 0x00001988, Max: 0x00010000, ABSOLUTE)

    Base Addr    Size         Type   Attr      Idx    E Section Name        Object

    0x08000000   0x000000c0   Data   RO          124    RESET               startup_stm32f0xx.o
    0x080000c0   0x00000000   Code   RO         4235  * .ARM.Collect$$$$00000000  mc_p.l(entry.o)
    0x080000c0   0x00000004   Code   RO         4257    .ARM.Collect$$$$00000001  mc_p.l(entry2.o)
    0x080000c4   0x00000004   Code   RO         4260    .ARM.Collect$$$$00000004  mc_p.l(entry5.o)
    0x080000c8   0x00000000   Code   RO         4262    .ARM.Collect$$$$00000008  mc_p.l(entry7b.o)
    0x080000c8   0x00000004   Code   RO         4263    .ARM.Collect$$$$00000009  mc_p.l(entry8a.o)
    0x080000cc   0x00000000   Code   RO         4264    .ARM.Collect$$$$0000000A  mc_p.l(entry8b.o)
    0x080000cc   0x00000008   Code   RO         4265    .ARM.Collect$$$$0000000B  mc_p.l(entry9a.o)
    0x080000d4   0x00000000   Code   RO         4267    .ARM.Collect$$$$0000000D  mc_p.l(entry10a.o)
    0x080000d4   0x00000000   Code   RO         4269    .ARM.Collect$$$$0000000F  mc_p.l(entry11a.o)
    0x080000d4   0x00000004   Code   RO         4258    .ARM.Collect$$$$00002712  mc_p.l(entry2.o)
    0x080000d8   0x0000001c   Code   RO          125    .text               startup_stm32f0xx.o
    0x080000f4   0x0000002c   Code   RO         4238    .text               mc_p.l(uidiv.o)
    0x08000120   0x00000028   Code   RO         4240    .text               mc_p.l(idiv.o)
    0x08000148   0x00000024   Code   RO         4245    .text               mc_p.l(memcpya.o)
    0x0800016c   0x00000020   Code   RO         4252    .text               mc_p.l(cpp_init.o)
    0x0800018c   0x00000008   Code   RO         4299    .text               mc_p.l(cpp_dtor.o)
    0x08000194   0x00000002   Code   RO         4302    .text               mc_p.l(cpp_final.o)
    0x08000196   0x00000002   PAD
    0x08000198   0x00000024   Code   RO         4307    .text               mc_p.l(init.o)
    0x080001bc   0x0000005e   Code   RO         4319    .text               mc_p.l(__dclz77c.o)
    0x0800021a   0x00000070   Code   RO         2358    i.GPIO_Init         stm32f0xx_gpio.o
    0x0800028a   0x00000020   Code   RO         2359    i.GPIO_PinAFConfig  stm32f0xx_gpio.o
    0x080002aa   0x00000004   Code   RO         2365    i.GPIO_ResetBits    stm32f0xx_gpio.o
    0x080002ae   0x00000004   Code   RO         2366    i.GPIO_SetBits      stm32f0xx_gpio.o
    0x080002b2   0x00000002   Code   RO         3403    i.HardFault_Handler  stm32f0xx_it.o
    0x080002b4   0x00000002   Code   RO         3404    i.NMI_Handler       stm32f0xx_it.o
    0x080002b6   0x00000002   Code   RO         3405    i.PendSV_Handler    stm32f0xx_it.o
    0x080002b8   0x00000018   Code   RO         1127    i.RCC_AHBPeriphClockCmd  stm32f0xx_rcc.o
    0x080002d0   0x00000018   Code   RO         1131    i.RCC_APB2PeriphClockCmd  stm32f0xx_rcc.o
    0x080002e8   0x00000012   Code   RO         1385    i.SPI_Cmd           stm32f0xx_spi.o
    0x080002fa   0x0000000e   Code   RO         1394    i.SPI_I2S_GetFlagStatus  stm32f0xx_spi.o
    0x08000308   0x00000054   Code   RO         1399    i.SPI_Init          stm32f0xx_spi.o
    0x0800035c   0x00000004   Code   RO         1406    i.SPI_SendData8     stm32f0xx_spi.o
    0x08000360   0x00000002   Code   RO         3406    i.SVC_Handler       stm32f0xx_it.o
    0x08000362   0x00000002   PAD
    0x08000364   0x00000098   Code   RO            3    i.SetSysClock       system_stm32f0xx.o
    0x080003fc   0x00000010   Code   RO         3407    i.SysTick_Handler   stm32f0xx_it.o
    0x0800040c   0x0000006c   Code   RO            4    i.SystemCoreClockUpdate  system_stm32f0xx.o
    0x08000478   0x00000060   Code   RO            5    i.SystemInit        system_stm32f0xx.o
    0x080004d8   0x00000110   Code   RO         3482    i._Z10print_linePhh  main.o
    0x080005e8   0x0000000c   Code   RO         3853    i._Z12cellToColumni  sudoku.o
    0x080005f4   0x00000038   Code   RO         3485    i._Z14SysTick_Configj  main.o
    0x0800062c   0x00000008   Code   RO         3859    i._Z19getPossibilityIndexii  sudoku.o
    0x08000634   0x00000126   Code   RO         3486    i._Z19print_sudoku_puzzle5Board  main.o
    0x0800075a   0x00000024   Code   RO         3860    i._Z22cellToSectionStartCelli  sudoku.o
    0x0800077e   0x00000002   PAD
    0x08000780   0x00000014   Code   RO         3488    i._Z6LED_Onv        main.o
    0x08000794   0x00000014   Code   RO         3489    i._Z7LED_Offv       main.o
    0x080007a8   0x00000030   Code   RO         3490    i._Z8LED_Confv      main.o
    0x080007d8   0x00000024   Code   RO         3491    i._Z8RCC_Confv      main.o
    0x080007fc   0x00000024   Code   RO         3492    i._Z8delay_usj      main.o
    0x08000820   0x0000000a   Code   RO         3861    i._Z9cellToRowi     sudoku.o
    0x0800082a   0x00000016   Code   RO         3862    i._ZN11SudokuBoard11clearPuzzleEv  sudoku.o
    0x08000840   0x000000ca   Code   RO         3903    i._ZN11SudokuBoard4markEiii  sudoku.o
    0x0800090a   0x00000002   PAD
    0x0800090c   0x000000ac   Code   RO         3906    i._ZN11SudokuBoard5resetEv  sudoku.o
    0x080009b8   0x00000078   Code   RO         3910    i._ZN11SudokuBoardC1Ev  sudoku.o
    0x08000a30   0x0000000c   Code   RO         3911    i._ZN11SudokuBoardD1Ev  sudoku.o
    0x08000a3c   0x00000006   Code   RO         3578    i._ZN5FieldC1Ev     main.o
    0x08000a42   0x0000001c   Code   RO         3734    i._ZN8Printer_11strobe_lineEv  printer.o
    0x08000a5e   0x00000002   PAD
    0x08000a60   0x000000cc   Code   RO         3735    i._ZN8Printer_4initEv  printer.o
    0x08000b2c   0x00000020   Code   RO         3736    i._ZN8Printer_5latchE15FunctionalState  printer.o
    0x08000b4c   0x00000050   Code   RO         3737    i._ZN8Printer_6strobeEh  printer.o
    0x08000b9c   0x0000002a   Code   RO         3738    i._ZN8Printer_9load_lineEPh  printer.o
    0x08000bc6   0x0000001a   Code   RO         3739    i._ZN8Printer_9next_lineEh  printer.o
    0x08000be0   0x00000070   Code   RO         3740    i._ZN8Printer_9next_lineEv  printer.o
    0x08000c50   0x00000070   Code   RO         3742    i._ZN8Printer_9prev_lineEv  printer.o
    0x08000cc0   0x00000024   Code   RO         3743    i._ZN8Printer_9send_byteEh  printer.o
    0x08000ce4   0x0000002c   Code   RO         4229    i.__aeabi_atexit    cpprt_p.l(aeabi_atexit.o)
    0x08000d10   0x00000020   Code   RO         4232    i.__aeabi_vec_ctor_nocookie_nodtor  cpprt_p.l(aeabi_vec_ctor_nocookie_nodtor.o)
    0x08000d30   0x00000042   Code   RO         4254    i.__cxa_finalize    cpprt_p.l(cxa_finalize.o)
    0x08000d72   0x0000000e   Code   RO         4313    i.__scatterload_copy  mc_p.l(handlers.o)
    0x08000d80   0x00000002   Code   RO         4314    i.__scatterload_null  mc_p.l(handlers.o)
    0x08000d82   0x0000000e   Code   RO         4315    i.__scatterload_zeroinit  mc_p.l(handlers.o)
    0x08000d90   0x0000000c   Code   RO         3744    i.__sti___11_Printer_cpp  printer.o
    0x08000d9c   0x00000020   Code   RO         3493    i.__sti___8_main_cpp  main.o
    0x08000dbc   0x00000054   Code   RO         4271    i.free              mc_p.l(malloc.o)
    0x08000e10   0x000000f8   Code   RO         3494    i.main              main.o
    0x08000f08   0x0000006c   Code   RO         4272    i.malloc            mc_p.l(malloc.o)
    0x08000f74   0x00000011   Data   RO         3509    .constdata          main.o
    0x08000f85   0x00000960   Data   RO         3831    .constdata          font.o
    0x080018e5   0x00000003   PAD
    0x080018e8   0x00000078   Data   RO         3832    .constdata          font.o
    0x08001960   0x00000020   Data   RO         4311    Region$$Table       anon$$obj.o
    0x08001980   0x00000004   Data   RO         3511    .init_array         main.o
    0x08001984   0x00000004   Data   RO         3757    .init_array         printer.o


    Execution Region RW_IRAM1 (Base: 0x20000000, Size: 0x00001168, Max: 0x00002000, ABSOLUTE, COMPRESSED[0x0000033c])

    Base Addr    Size         Type   Attr      Idx    E Section Name        Object

    0x20000000   0x00000014   Data   RW            6    .data               system_stm32f0xx.o
    0x20000014   0x0000032e   Data   RW         3510    .data               main.o
    0x20000342   0x00000001   Data   RW         3756    .data               printer.o
    0x20000343   0x00000001   PAD
    0x20000344   0x00000014   Data   RW         3833    .data               font.o
    0x20000358   0x00000004   Data   RW         4300    .data               mc_p.l(cpp_dtor.o)
    0x2000035c   0x00000004   Data   RW         4309    .data               mc_p.l(mvars.o)
    0x20000360   0x00000004   Data   RW         4310    .data               mc_p.l(mvars.o)
    0x20000364   0x000002e4   Zero   RW         3508    .bss                main.o
    0x20000648   0x0000051b   Zero   RW         3971    .bss                sudoku.o
    0x20000b63   0x00000005   PAD
    0x20000b68   0x00000200   Zero   RW          123    HEAP                startup_stm32f0xx.o
    0x20000d68   0x00000400   Zero   RW          122    STACK               startup_stm32f0xx.o


==============================================================================

Image component sizes


      Code (inc. data)   RO Data    RW Data    ZI Data      Debug   Object Name

         0          0       2520         20          0       1596   font.o
      1068        100         21        814        740     122365   main.o
       684         50          4          1          0       5630   printer.o
        28          8        192          0       1536        724   startup_stm32f0xx.o
       152          0          0          0          0       7371   stm32f0xx_gpio.o
        24          6          0          0          0       2023   stm32f0xx_it.o
        48         12          0          0          0       1173   stm32f0xx_rcc.o
       120         10          0          0          0      11897   stm32f0xx_spi.o
       594         24          0          0       1307       9985   sudoku.o
       356         40          0         20          0      90781   system_stm32f0xx.o

    ----------------------------------------------------------------------
      3082        250       2772        856       3588     253545   Object Totals
         0          0         32          0          0          0   (incl. Generated)
         8          0          3          1          5          0   (incl. Padding)

    ----------------------------------------------------------------------

      Code (inc. data)   RO Data    RW Data    ZI Data      Debug   Library Member Name

        44          0          0          0          0         76   aeabi_atexit.o
        32          0          0          0          0         80   aeabi_vec_ctor_nocookie_nodtor.o
        66          0          0          0          0         76   cxa_finalize.o
        94          0          0          0          0          0   __dclz77c.o
         8          4          0          4          0         60   cpp_dtor.o
         2          0          0          0          0         60   cpp_final.o
        32         10          0          0          0         72   cpp_init.o
         0          0          0          0          0          0   entry.o
         0          0          0          0          0          0   entry10a.o
         0          0          0          0          0          0   entry11a.o
         8          4          0          0          0          0   entry2.o
         4          0          0          0          0          0   entry5.o
         0          0          0          0          0          0   entry7b.o
         4          0          0          0          0          0   entry8a.o
         0          0          0          0          0          0   entry8b.o
         8          4          0          0          0          0   entry9a.o
        30          0          0          0          0          0   handlers.o
        40          0          0          0          0         72   idiv.o
        36          8          0          0          0         68   init.o
       192         20          0          0          0        144   malloc.o
        36          0          0          0          0         60   memcpya.o
         0          0          0          8          0          0   mvars.o
        44          0          0          0          0         72   uidiv.o

    ----------------------------------------------------------------------
       682         50          0         12          0        840   Library Totals
         2          0          0          0          0          0   (incl. Padding)

    ----------------------------------------------------------------------

      Code (inc. data)   RO Data    RW Data    ZI Data      Debug   Library Name

       142          0          0          0          0        232   cpprt_p.l
       538         50          0         12          0        608   mc_p.l

    ----------------------------------------------------------------------
       682         50          0         12          0        840   Library Totals

    ----------------------------------------------------------------------

==============================================================================


      Code (inc. data)   RO Data    RW Data    ZI Data      Debug   

      3764        300       2772        868       3588     252001   Grand Totals
      3764        300       2772        828       3588     252001   ELF Image Totals (compressed)
      3764        300       2772        828          0          0   ROM Totals

==============================================================================

    Total RO  Size (Code + RO Data)                 6536 (   6.38kB)
    Total RW  Size (RW Data + ZI Data)              4456 (   4.35kB)
    Total ROM Size (Code + RO Data + RW Data)       7364 (   7.19kB)

==============================================================================

